▶️ Lane: verify — Three language suites, nine-pair public-package interchange, generated bundle drift and editor grammar. Trust runs SpecSync after this lane.
  ▶️ Running task: lint
  ✔ Step 1 done (460ms)
  ▶️ Running task: build
Building for debugging...
[0/5] Write swift-version--58304C5D6DBC2206.txt
Build complete! (0.15s)
  ✔ Step 2 done (692ms)
  ▶️ Running task: test
[0/1] Planning build
Building for debugging...
[0/6] Write swift-version--58304C5D6DBC2206.txt
Build complete! (0.21s)
Test Suite 'All tests' started at 2026-10-06 12:26:06.298.
Test Suite '3mdPackageTests.xctest' started at 2026-10-06 12:26:06.300.
Test Suite 'CompositionEditingTests' started at 2026-10-06 12:26:06.300.
Test Case '-[ThreeMDTests.CompositionEditingTests testCancelledGraphTransactionPropagatesCancellation]' started.
Test Case '-[ThreeMDTests.CompositionEditingTests testCancelledGraphTransactionPropagatesCancellation]' passed (0.003 seconds).
Test Case '-[ThreeMDTests.CompositionEditingTests testEntryReplacementKeepsIDAndCanEditSharedDefinitionWithoutFlattening]' started.
Test Case '-[ThreeMDTests.CompositionEditingTests testEntryReplacementKeepsIDAndCanEditSharedDefinitionWithoutFlattening]' passed (0.003 seconds).
Test Case '-[ThreeMDTests.CompositionEditingTests testFinalGraphValidationAllowsForwardReferenceInsertionAndRootReplacement]' started.
Test Case '-[ThreeMDTests.CompositionEditingTests testFinalGraphValidationAllowsForwardReferenceInsertionAndRootReplacement]' passed (0.002 seconds).
Test Case '-[ThreeMDTests.CompositionEditingTests testGraphRevisionIncludesReferenceOrderAttributesAndRootAndSurvivesReopen]' started.
Test Case '-[ThreeMDTests.CompositionEditingTests testGraphRevisionIncludesReferenceOrderAttributesAndRootAndSurvivesReopen]' passed (0.008 seconds).
Test Case '-[ThreeMDTests.CompositionEditingTests testGraphSnapshotsAndPatchesAreCodableAndDecodedGraphsStillValidate]' started.
Test Case '-[ThreeMDTests.CompositionEditingTests testGraphSnapshotsAndPatchesAreCodableAndDecodedGraphsStillValidate]' passed (0.003 seconds).
Test Case '-[ThreeMDTests.CompositionEditingTests testGraphTransactionBoundsOperationsPayloadAndDefinitions]' started.
Test Case '-[ThreeMDTests.CompositionEditingTests testGraphTransactionBoundsOperationsPayloadAndDefinitions]' passed (0.002 seconds).
Test Case '-[ThreeMDTests.CompositionEditingTests testMissingTargetAndCycleFailuresHaveGraphPathsWithoutPartialPublication]' started.
Test Case '-[ThreeMDTests.CompositionEditingTests testMissingTargetAndCycleFailuresHaveGraphPathsWithoutPartialPublication]' passed (0.003 seconds).
Test Case '-[ThreeMDTests.CompositionEditingTests testReferenceIdentityCannotChangeOrBeDuplicatedWithinOwner]' started.
Test Case '-[ThreeMDTests.CompositionEditingTests testReferenceIdentityCannotChangeOrBeDuplicatedWithinOwner]' passed (0.004 seconds).
Test Case '-[ThreeMDTests.CompositionEditingTests testReferenceRetargetMoveAndRemoveKeepInstanceIdentityAndOpaqueAttributes]' started.
Test Case '-[ThreeMDTests.CompositionEditingTests testReferenceRetargetMoveAndRemoveKeepInstanceIdentityAndOpaqueAttributes]' passed (0.002 seconds).
Test Case '-[ThreeMDTests.CompositionEditingTests testRemovingAndRewritingReferencesValidatesOnlyCompleteFinalGraph]' started.
Test Case '-[ThreeMDTests.CompositionEditingTests testRemovingAndRewritingReferencesValidatesOnlyCompleteFinalGraph]' passed (0.002 seconds).
Test Suite 'CompositionEditingTests' passed at 2026-10-06 12:26:06.333.
	 Executed 10 tests, with 0 failures (0 unexpected) in 0.032 (0.033) seconds
Test Suite 'ConformanceTests' started at 2026-10-06 12:26:06.333.
Test Case '-[ThreeMDTests.ConformanceTests testConformanceVectors]' started.
Test Case '-[ThreeMDTests.ConformanceTests testConformanceVectors]' passed (0.009 seconds).
Test Suite 'ConformanceTests' passed at 2026-10-06 12:26:06.342.
	 Executed 1 test, with 0 failures (0 unexpected) in 0.009 (0.009) seconds
Test Suite 'CrossPlaneLinkHTMLTests' started at 2026-10-06 12:26:06.342.
Test Case '-[ThreeMDTests.CrossPlaneLinkHTMLTests testAnchorHrefMatchesSectionId]' started.
Test Case '-[ThreeMDTests.CrossPlaneLinkHTMLTests testAnchorHrefMatchesSectionId]' passed (0.001 seconds).
Test Case '-[ThreeMDTests.CrossPlaneLinkHTMLTests testCrossPlaneAnchorDecimalTarget]' started.
Test Case '-[ThreeMDTests.CrossPlaneLinkHTMLTests testCrossPlaneAnchorDecimalTarget]' passed (0.000 seconds).
Test Case '-[ThreeMDTests.CrossPlaneLinkHTMLTests testCrossPlaneAnchorDefaultTextIsEscaped]' started.
Test Case '-[ThreeMDTests.CrossPlaneLinkHTMLTests testCrossPlaneAnchorDefaultTextIsEscaped]' passed (0.000 seconds).
Test Case '-[ThreeMDTests.CrossPlaneLinkHTMLTests testCrossPlaneAnchorEmptyText]' started.
Test Case '-[ThreeMDTests.CrossPlaneLinkHTMLTests testCrossPlaneAnchorEmptyText]' passed (0.000 seconds).
Test Case '-[ThreeMDTests.CrossPlaneLinkHTMLTests testCrossPlaneAnchorNegativeTarget]' started.
Test Case '-[ThreeMDTests.CrossPlaneLinkHTMLTests testCrossPlaneAnchorNegativeTarget]' passed (0.000 seconds).
Test Case '-[ThreeMDTests.CrossPlaneLinkHTMLTests testCrossPlaneAnchorNoText]' started.
Test Case '-[ThreeMDTests.CrossPlaneLinkHTMLTests testCrossPlaneAnchorNoText]' passed (0.000 seconds).
Test Case '-[ThreeMDTests.CrossPlaneLinkHTMLTests testCrossPlaneAnchorScientificNotation]' started.
Test Case '-[ThreeMDTests.CrossPlaneLinkHTMLTests testCrossPlaneAnchorScientificNotation]' passed (0.000 seconds).
Test Case '-[ThreeMDTests.CrossPlaneLinkHTMLTests testCrossPlaneAnchorTextIsEscaped]' started.
Test Case '-[ThreeMDTests.CrossPlaneLinkHTMLTests testCrossPlaneAnchorTextIsEscaped]' passed (0.000 seconds).
Test Case '-[ThreeMDTests.CrossPlaneLinkHTMLTests testCrossPlaneAnchorWithText]' started.
Test Case '-[ThreeMDTests.CrossPlaneLinkHTMLTests testCrossPlaneAnchorWithText]' passed (0.000 seconds).
Test Case '-[ThreeMDTests.CrossPlaneLinkHTMLTests testHexTargetNotRenderedAsAnchor]' started.
Test Case '-[ThreeMDTests.CrossPlaneLinkHTMLTests testHexTargetNotRenderedAsAnchor]' passed (0.000 seconds).
Test Case '-[ThreeMDTests.CrossPlaneLinkHTMLTests testInfTargetNotRenderedAsAnchor]' started.
Test Case '-[ThreeMDTests.CrossPlaneLinkHTMLTests testInfTargetNotRenderedAsAnchor]' passed (0.000 seconds).
Test Case '-[ThreeMDTests.CrossPlaneLinkHTMLTests testInvalidTargetNotRenderedAsAnchor]' started.
Test Case '-[ThreeMDTests.CrossPlaneLinkHTMLTests testInvalidTargetNotRenderedAsAnchor]' passed (0.000 seconds).
Test Case '-[ThreeMDTests.CrossPlaneLinkHTMLTests testPublicAnchorHelpersMatchRendererIds]' started.
Test Case '-[ThreeMDTests.CrossPlaneLinkHTMLTests testPublicAnchorHelpersMatchRendererIds]' passed (0.000 seconds).
Test Case '-[ThreeMDTests.CrossPlaneLinkHTMLTests testSectionHasIdAttribute]' started.
Test Case '-[ThreeMDTests.CrossPlaneLinkHTMLTests testSectionHasIdAttribute]' passed (0.000 seconds).
Test Case '-[ThreeMDTests.CrossPlaneLinkHTMLTests testSectionIdForDecimalZ]' started.
Test Case '-[ThreeMDTests.CrossPlaneLinkHTMLTests testSectionIdForDecimalZ]' passed (0.000 seconds).
Test Case '-[ThreeMDTests.CrossPlaneLinkHTMLTests testSectionIdForNegativeZ]' started.
Test Case '-[ThreeMDTests.CrossPlaneLinkHTMLTests testSectionIdForNegativeZ]' passed (0.000 seconds).
Test Case '-[ThreeMDTests.CrossPlaneLinkHTMLTests testSectionIdPrecedesDataZ]' started.
Test Case '-[ThreeMDTests.CrossPlaneLinkHTMLTests testSectionIdPrecedesDataZ]' passed (0.000 seconds).
Test Suite 'CrossPlaneLinkHTMLTests' passed at 2026-10-06 12:26:06.347.
	 Executed 17 tests, with 0 failures (0 unexpected) in 0.004 (0.005) seconds
Test Suite 'CrossPlaneLinkTests' started at 2026-10-06 12:26:06.347.
Test Case '-[ThreeMDTests.CrossPlaneLinkTests testBasicLinkNoText]' started.
Test Case '-[ThreeMDTests.CrossPlaneLinkTests testBasicLinkNoText]' passed (0.000 seconds).
Test Case '-[ThreeMDTests.CrossPlaneLinkTests testDanglingLinksFiltersOnlyMissingTargets]' started.
Test Case '-[ThreeMDTests.CrossPlaneLinkTests testDanglingLinksFiltersOnlyMissingTargets]' passed (0.000 seconds).
Test Case '-[ThreeMDTests.CrossPlaneLinkTests testDanglingLinkTargetExistsFalse]' started.
Test Case '-[ThreeMDTests.CrossPlaneLinkTests testDanglingLinkTargetExistsFalse]' passed (0.000 seconds).
Test Case '-[ThreeMDTests.CrossPlaneLinkTests testDecimalTarget]' started.
Test Case '-[ThreeMDTests.CrossPlaneLinkTests testDecimalTarget]' passed (0.000 seconds).
Test Case '-[ThreeMDTests.CrossPlaneLinkTests testDocumentWithNoLinksReturnsEmpty]' started.
Test Case '-[ThreeMDTests.CrossPlaneLinkTests testDocumentWithNoLinksReturnsEmpty]' passed (0.000 seconds).
Test Case '-[ThreeMDTests.CrossPlaneLinkTests testHexTargetIgnored]' started.
Test Case '-[ThreeMDTests.CrossPlaneLinkTests testHexTargetIgnored]' passed (0.000 seconds).
Test Case '-[ThreeMDTests.CrossPlaneLinkTests testLinkGraphCollapsesRepeatedEdgesInEncounterOrder]' started.
Test Case '-[ThreeMDTests.CrossPlaneLinkTests testLinkGraphCollapsesRepeatedEdgesInEncounterOrder]' passed (0.000 seconds).
Test Case '-[ThreeMDTests.CrossPlaneLinkTests testLinkGraphKeepsDanglingEdgeStatus]' started.
Test Case '-[ThreeMDTests.CrossPlaneLinkTests testLinkGraphKeepsDanglingEdgeStatus]' passed (0.000 seconds).
Test Case '-[ThreeMDTests.CrossPlaneLinkTests testLinksAcrossMultiplePlanesInSourceOrder]' started.
Test Case '-[ThreeMDTests.CrossPlaneLinkTests testLinksAcrossMultiplePlanesInSourceOrder]' passed (0.000 seconds).
Test Case '-[ThreeMDTests.CrossPlaneLinkTests testLinkWithEmptyText]' started.
Test Case '-[ThreeMDTests.CrossPlaneLinkTests testLinkWithEmptyText]' passed (0.000 seconds).
Test Case '-[ThreeMDTests.CrossPlaneLinkTests testLinkWithText]' started.
Test Case '-[ThreeMDTests.CrossPlaneLinkTests testLinkWithText]' passed (0.000 seconds).
Test Case '-[ThreeMDTests.CrossPlaneLinkTests testMultipleLinksLeftToRight]' started.
Test Case '-[ThreeMDTests.CrossPlaneLinkTests testMultipleLinksLeftToRight]' passed (0.000 seconds).
Test Case '-[ThreeMDTests.CrossPlaneLinkTests testNanTargetIgnored]' started.
Test Case '-[ThreeMDTests.CrossPlaneLinkTests testNanTargetIgnored]' passed (0.000 seconds).
Test Case '-[ThreeMDTests.CrossPlaneLinkTests testNegativeDecimalTarget]' started.
Test Case '-[ThreeMDTests.CrossPlaneLinkTests testNegativeDecimalTarget]' passed (0.000 seconds).
Test Case '-[ThreeMDTests.CrossPlaneLinkTests testNonDecimalTargetIgnored]' started.
Test Case '-[ThreeMDTests.CrossPlaneLinkTests testNonDecimalTargetIgnored]' passed (0.000 seconds).
Test Case '-[ThreeMDTests.CrossPlaneLinkTests testOrdinaryMarkdownLinkNotExtracted]' started.
Test Case '-[ThreeMDTests.CrossPlaneLinkTests testOrdinaryMarkdownLinkNotExtracted]' passed (0.000 seconds).
Test Case '-[ThreeMDTests.CrossPlaneLinkTests testScientificNotationTarget]' started.
Test Case '-[ThreeMDTests.CrossPlaneLinkTests testScientificNotationTarget]' passed (0.000 seconds).
Test Suite 'CrossPlaneLinkTests' passed at 2026-10-06 12:26:06.351.
	 Executed 17 tests, with 0 failures (0 unexpected) in 0.003 (0.004) seconds
Test Suite 'DocumentCompositionCodecTests' started at 2026-10-06 12:26:06.351.
Test Case '-[ThreeMDTests.DocumentCompositionCodecTests testCanonicalProfileStoresSharedDefinitionOnceAndIsOrderIndependent]' started.
Test Case '-[ThreeMDTests.DocumentCompositionCodecTests testCanonicalProfileStoresSharedDefinitionOnceAndIsOrderIndependent]' passed (0.004 seconds).
Test Case '-[ThreeMDTests.DocumentCompositionCodecTests testCheckedInGrovePreservesItsSingleCanopyDefinitionAndBindingAcrossFormats]' started.
Test Case '-[ThreeMDTests.DocumentCompositionCodecTests testCheckedInGrovePreservesItsSingleCanopyDefinitionAndBindingAcrossFormats]' passed (0.007 seconds).
Test Case '-[ThreeMDTests.DocumentCompositionCodecTests testJSONAllocationPreflightRejectsExcessiveArraysNestingAndTrailingBytes]' started.
Test Case '-[ThreeMDTests.DocumentCompositionCodecTests testJSONAllocationPreflightRejectsExcessiveArraysNestingAndTrailingBytes]' passed (0.001 seconds).
Test Case '-[ThreeMDTests.DocumentCompositionCodecTests testProfileAndDefinitionBytePoliciesBoundBothReaderAndWriter]' started.
Test Case '-[ThreeMDTests.DocumentCompositionCodecTests testProfileAndDefinitionBytePoliciesBoundBothReaderAndWriter]' passed (0.001 seconds).
Test Case '-[ThreeMDTests.DocumentCompositionCodecTests testProfileUsesGenericPortableBinaryEnvelopeWithoutAnotherFormat]' started.
Test Case '-[ThreeMDTests.DocumentCompositionCodecTests testProfileUsesGenericPortableBinaryEnvelopeWithoutAnotherFormat]' passed (0.003 seconds).
Test Case '-[ThreeMDTests.DocumentCompositionCodecTests testReaderRejectsDuplicateDefinitionIDsAndUnusedMissingReferences]' started.
Test Case '-[ThreeMDTests.DocumentCompositionCodecTests testReaderRejectsDuplicateDefinitionIDsAndUnusedMissingReferences]' passed (0.001 seconds).
Test Case '-[ThreeMDTests.DocumentCompositionCodecTests testReaderRejectsDuplicateJSONKeysIncludingEscapedSpelling]' started.
Test Case '-[ThreeMDTests.DocumentCompositionCodecTests testReaderRejectsDuplicateJSONKeysIncludingEscapedSpelling]' passed (0.000 seconds).
Test Case '-[ThreeMDTests.DocumentCompositionCodecTests testReaderRejectsInvalidUnusedDefinitionsAndDoesNotLoadSourcePaths]' started.
Test Case '-[ThreeMDTests.DocumentCompositionCodecTests testReaderRejectsInvalidUnusedDefinitionsAndDoesNotLoadSourcePaths]' passed (0.001 seconds).
Test Case '-[ThreeMDTests.DocumentCompositionCodecTests testReaderRejectsUnknownManifestEntryAndReferenceKeys]' started.
Test Case '-[ThreeMDTests.DocumentCompositionCodecTests testReaderRejectsUnknownManifestEntryAndReferenceKeys]' passed (0.001 seconds).
Test Case '-[ThreeMDTests.DocumentCompositionCodecTests testReaderRequiresExactEnvelopeAndVersionedManifest]' started.
Test Case '-[ThreeMDTests.DocumentCompositionCodecTests testReaderRequiresExactEnvelopeAndVersionedManifest]' passed (0.001 seconds).
Test Case '-[ThreeMDTests.DocumentCompositionCodecTests testReferenceAttributesPreserveControlsQuotesAndUnicodeWithoutBreakingFences]' started.
Test Case '-[ThreeMDTests.DocumentCompositionCodecTests testReferenceAttributesPreserveControlsQuotesAndUnicodeWithoutBreakingFences]' passed (0.001 seconds).
Test Suite 'DocumentCompositionCodecTests' passed at 2026-10-06 12:26:06.374.
	 Executed 11 tests, with 0 failures (0 unexpected) in 0.021 (0.022) seconds
Test Suite 'DocumentCompositionTests' started at 2026-10-06 12:26:06.374.
Test Case '-[ThreeMDTests.DocumentCompositionTests testCanceledConstructionAndStorageStayDistinctFromValidationErrors]' started.
Test Case '-[ThreeMDTests.DocumentCompositionTests testCanceledConstructionAndStorageStayDistinctFromValidationErrors]' passed (0.001 seconds).
Test Case '-[ThreeMDTests.DocumentCompositionTests testCyclesAreRejectedInRootAndUnusedNodes]' started.
Test Case '-[ThreeMDTests.DocumentCompositionTests testCyclesAreRejectedInRootAndUnusedNodes]' passed (0.000 seconds).
Test Case '-[ThreeMDTests.DocumentCompositionTests testDefinitionDepthAndReferenceBudgetsHaveExactBoundarySemantics]' started.
Test Case '-[ThreeMDTests.DocumentCompositionTests testDefinitionDepthAndReferenceBudgetsHaveExactBoundarySemantics]' passed (0.001 seconds).
Test Case '-[ThreeMDTests.DocumentCompositionTests testDefinitionDocumentPolicyIsIndependentOfCompositionPolicy]' started.
Test Case '-[ThreeMDTests.DocumentCompositionTests testDefinitionDocumentPolicyIsIndependentOfCompositionPolicy]' passed (0.000 seconds).
Test Case '-[ThreeMDTests.DocumentCompositionTests testEveryDefinitionIsValidatedEvenWhenUnused]' started.
Test Case '-[ThreeMDTests.DocumentCompositionTests testEveryDefinitionIsValidatedEvenWhenUnused]' passed (0.000 seconds).
Test Case '-[ThreeMDTests.DocumentCompositionTests testIDsAreCaseSensitiveAndNeverFileOrNetworkLocations]' started.
Test Case '-[ThreeMDTests.DocumentCompositionTests testIDsAreCaseSensitiveAndNeverFileOrNetworkLocations]' passed (0.000 seconds).
Test Case '-[ThreeMDTests.DocumentCompositionTests testMissingRootMissingTargetAndDuplicateDefinitionsAreRejected]' started.
Test Case '-[ThreeMDTests.DocumentCompositionTests testMissingRootMissingTargetAndDuplicateDefinitionsAreRejected]' passed (0.000 seconds).
Test Case '-[ThreeMDTests.DocumentCompositionTests testOccurrenceBudgetCountsSharedReferencesWithoutMaterializingThem]' started.
Test Case '-[ThreeMDTests.DocumentCompositionTests testOccurrenceBudgetCountsSharedReferencesWithoutMaterializingThem]' passed (0.001 seconds).
Test Case '-[ThreeMDTests.DocumentCompositionTests testReferenceAttributesAreOpaqueUnicodeDataWithCountAndByteLimits]' started.
Test Case '-[ThreeMDTests.DocumentCompositionTests testReferenceAttributesAreOpaqueUnicodeDataWithCountAndByteLimits]' passed (0.001 seconds).
Test Case '-[ThreeMDTests.DocumentCompositionTests testResourceLimitsCannotBeRaisedBeyondAbsoluteBounds]' started.
Test Case '-[ThreeMDTests.DocumentCompositionTests testResourceLimitsCannotBeRaisedBeyondAbsoluteBounds]' passed (0.000 seconds).
Test Case '-[ThreeMDTests.DocumentCompositionTests testSharedNestedDefinitionsPreserveAxesMetadataAndReferenceOrder]' started.
Test Case '-[ThreeMDTests.DocumentCompositionTests testSharedNestedDefinitionsPreserveAxesMetadataAndReferenceOrder]' passed (0.003 seconds).
Test Case '-[ThreeMDTests.DocumentCompositionTests testUniqueSourceByteBudgetCountsEachDefinitionOnce]' started.
Test Case '-[ThreeMDTests.DocumentCompositionTests testUniqueSourceByteBudgetCountsEachDefinitionOnce]' passed (0.000 seconds).
Test Case '-[ThreeMDTests.DocumentCompositionTests testUnusedDepthAndOccurrenceBudgetsAreAlsoEnforced]' started.
Test Case '-[ThreeMDTests.DocumentCompositionTests testUnusedDepthAndOccurrenceBudgetsAreAlsoEnforced]' passed (0.001 seconds).
Test Suite 'DocumentCompositionTests' passed at 2026-10-06 12:26:06.385.
	 Executed 13 tests, with 0 failures (0 unexpected) in 0.011 (0.012) seconds
Test Suite 'DocumentDiagnosticTests' started at 2026-10-06 12:26:06.385.
Test Case '-[ThreeMDTests.DocumentDiagnosticTests testCancellationIsNeverConvertedIntoAValidationDiagnostic]' started.
Test Case '-[ThreeMDTests.DocumentDiagnosticTests testCancellationIsNeverConvertedIntoAValidationDiagnostic]' passed (0.000 seconds).
Test Case '-[ThreeMDTests.DocumentDiagnosticTests testCancelledCompositionDiagnosticsDoNotBeginPreflightOrGraphValidation]' started.
Test Case '-[ThreeMDTests.DocumentDiagnosticTests testCancelledCompositionDiagnosticsDoNotBeginPreflightOrGraphValidation]' passed (0.000 seconds).
Test Case '-[ThreeMDTests.DocumentDiagnosticTests testCompositionDiagnosticBudgetRejectsBeforeExpensiveGraphSourceValidation]' started.
Test Case '-[ThreeMDTests.DocumentDiagnosticTests testCompositionDiagnosticBudgetRejectsBeforeExpensiveGraphSourceValidation]' passed (0.000 seconds).
Test Case '-[ThreeMDTests.DocumentDiagnosticTests testCompositionDiagnosticPreflightStillEnforcesCheapCountPolicies]' started.
Test Case '-[ThreeMDTests.DocumentDiagnosticTests testCompositionDiagnosticPreflightStillEnforcesCheapCountPolicies]' passed (0.000 seconds).
Test Case '-[ThreeMDTests.DocumentDiagnosticTests testCompositionDiagnosticsScopeRepeatedInstanceIDsByOwner]' started.
Test Case '-[ThreeMDTests.DocumentDiagnosticTests testCompositionDiagnosticsScopeRepeatedInstanceIDsByOwner]' passed (0.000 seconds).
Test Case '-[ThreeMDTests.DocumentDiagnosticTests testDiagnosticCeilingSignalsUninspectedRemainder]' started.
Test Case '-[ThreeMDTests.DocumentDiagnosticTests testDiagnosticCeilingSignalsUninspectedRemainder]' passed (0.000 seconds).
Test Case '-[ThreeMDTests.DocumentDiagnosticTests testDiagnosticInputAndValueByteWorkAreBounded]' started.
Test Case '-[ThreeMDTests.DocumentDiagnosticTests testDiagnosticInputAndValueByteWorkAreBounded]' passed (0.000 seconds).
Test Case '-[ThreeMDTests.DocumentDiagnosticTests testHostileLinkPrefixesDoNotTriggerLegacyRegexDuringDiagnostics]' started.
Test Case '-[ThreeMDTests.DocumentDiagnosticTests testHostileLinkPrefixesDoNotTriggerLegacyRegexDuringDiagnostics]' passed (0.017 seconds).
Test Case '-[ThreeMDTests.DocumentDiagnosticTests testSharedDecimalScannerRejectsLongMalformedLinkNumberAndPreservesGrammar]' started.
Test Case '-[ThreeMDTests.DocumentDiagnosticTests testSharedDecimalScannerRejectsLongMalformedLinkNumberAndPreservesGrammar]' passed (0.004 seconds).
Test Case '-[ThreeMDTests.DocumentDiagnosticTests testSourceParseDiagnosticsPreserveRealLineEvidence]' started.
Test Case '-[ThreeMDTests.DocumentDiagnosticTests testSourceParseDiagnosticsPreserveRealLineEvidence]' passed (0.000 seconds).
Test Case '-[ThreeMDTests.DocumentDiagnosticTests testValueDiagnosticsHavePlanePathsAndNoInventedLines]' started.
Test Case '-[ThreeMDTests.DocumentDiagnosticTests testValueDiagnosticsHavePlanePathsAndNoInventedLines]' passed (0.000 seconds).
Test Suite 'DocumentDiagnosticTests' passed at 2026-10-06 12:26:06.409.
	 Executed 11 tests, with 0 failures (0 unexpected) in 0.023 (0.024) seconds
Test Suite 'DocumentEditingTests' started at 2026-10-06 12:26:06.409.
Test Case '-[ThreeMDTests.DocumentEditingTests testAtomicCoordinateSwapRetainsIDsSourceOrderMetadataAndLegacyLinks]' started.
Test Case '-[ThreeMDTests.DocumentEditingTests testAtomicCoordinateSwapRetainsIDsSourceOrderMetadataAndLegacyLinks]' passed (0.001 seconds).
Test Case '-[ThreeMDTests.DocumentEditingTests testCancelledTransactionPropagatesCancellation]' started.
Test Case '-[ThreeMDTests.DocumentEditingTests testCancelledTransactionPropagatesCancellation]' passed (0.001 seconds).
Test Case '-[ThreeMDTests.DocumentEditingTests testCanonicalReopenHasSameRevisionAndCodableValuesRoundTrip]' started.
Test Case '-[ThreeMDTests.DocumentEditingTests testCanonicalReopenHasSameRevisionAndCodableValuesRoundTrip]' passed (0.001 seconds).
Test Case '-[ThreeMDTests.DocumentEditingTests testFailureAfterValidFirstOperationPublishesNothing]' started.
Test Case '-[ThreeMDTests.DocumentEditingTests testFailureAfterValidFirstOperationPublishesNothing]' passed (0.000 seconds).
Test Case '-[ThreeMDTests.DocumentEditingTests testFinalCoordinateConflictReturnsPrecisePathAndNoMutation]' started.
Test Case '-[ThreeMDTests.DocumentEditingTests testFinalCoordinateConflictReturnsPrecisePathAndNoMutation]' passed (0.000 seconds).
Test Case '-[ThreeMDTests.DocumentEditingTests testInsertMoveRemoveAndHeaderTransactionPreservesUnrelatedPlanes]' started.
Test Case '-[ThreeMDTests.DocumentEditingTests testInsertMoveRemoveAndHeaderTransactionPreservesUnrelatedPlanes]' passed (0.000 seconds).
Test Case '-[ThreeMDTests.DocumentEditingTests testInvalidFinalDirectValuesCannotEscapeStorageValidation]' started.
Test Case '-[ThreeMDTests.DocumentEditingTests testInvalidFinalDirectValuesCannotEscapeStorageValidation]' passed (0.001 seconds).
Test Case '-[ThreeMDTests.DocumentEditingTests testInvalidInsertMoveAndDuplicateIdentityAreDiagnosed]' started.
Test Case '-[ThreeMDTests.DocumentEditingTests testInvalidInsertMoveAndDuplicateIdentityAreDiagnosed]' passed (0.001 seconds).
Test Case '-[ThreeMDTests.DocumentEditingTests testNoIdentityLegacyDocumentRequiresExplicitAdoptionForTargetedEdits]' started.
Test Case '-[ThreeMDTests.DocumentEditingTests testNoIdentityLegacyDocumentRequiresExplicitAdoptionForTargetedEdits]' passed (0.001 seconds).
Test Case '-[ThreeMDTests.DocumentEditingTests testOperationOperandAndExpectedRevisionBudgetsAreEnforced]' started.
Test Case '-[ThreeMDTests.DocumentEditingTests testOperationOperandAndExpectedRevisionBudgetsAreEnforced]' passed (0.000 seconds).
Test Case '-[ThreeMDTests.DocumentEditingTests testReplacementCannotSilentlyChangeOrDropIdentity]' started.
Test Case '-[ThreeMDTests.DocumentEditingTests testReplacementCannotSilentlyChangeOrDropIdentity]' passed (0.001 seconds).
Test Case '-[ThreeMDTests.DocumentEditingTests testSnapshotDecoderRejectsForgedRevision]' started.
Test Case '-[ThreeMDTests.DocumentEditingTests testSnapshotDecoderRejectsForgedRevision]' passed (0.001 seconds).
Test Case '-[ThreeMDTests.DocumentEditingTests testStaleExactRevisionRejectsChangedContentAndUnicodeEquivalentBytes]' started.
Test Case '-[ThreeMDTests.DocumentEditingTests testStaleExactRevisionRejectsChangedContentAndUnicodeEquivalentBytes]' passed (0.000 seconds).
Test Suite 'DocumentEditingTests' passed at 2026-10-06 12:26:06.418.
	 Executed 13 tests, with 0 failures (0 unexpected) in 0.008 (0.009) seconds
Test Suite 'DocumentFileCompositionTests' started at 2026-10-06 12:26:06.418.
Test Case '-[ThreeMDTests.DocumentFileCompositionTests testAttributeBoundCountsNormalizedDirectoryPrefixBytes]' started.
Test Case '-[ThreeMDTests.DocumentFileCompositionTests testAttributeBoundCountsNormalizedDirectoryPrefixBytes]' passed (0.002 seconds).
Test Case '-[ThreeMDTests.DocumentFileCompositionTests testBundledTextAndBinaryReopenWithoutSupplyingAnySourceFiles]' started.
Test Case '-[ThreeMDTests.DocumentFileCompositionTests testBundledTextAndBinaryReopenWithoutSupplyingAnySourceFiles]' passed (0.004 seconds).
Test Case '-[ThreeMDTests.DocumentFileCompositionTests testCachedSubtreeIsChargedAtItsDeeperOccurrenceAgainstTheDiscoveryCeiling]' started.
Test Case '-[ThreeMDTests.DocumentFileCompositionTests testCachedSubtreeIsChargedAtItsDeeperOccurrenceAgainstTheDiscoveryCeiling]' passed (0.245 seconds).
Test Case '-[ThreeMDTests.DocumentFileCompositionTests testCancellationDuringARunningFanOutResolutionPublishesNoResult]' started.
Test Case '-[ThreeMDTests.DocumentFileCompositionTests testCancellationDuringARunningFanOutResolutionPublishesNoResult]' passed (1.202 seconds).
Test Case '-[ThreeMDTests.DocumentFileCompositionTests testCancellationStaysDistinctAndNeverReturnsPartialComposition]' started.
Test Case '-[ThreeMDTests.DocumentFileCompositionTests testCancellationStaysDistinctAndNeverReturnsPartialComposition]' passed (0.001 seconds).
Test Case '-[ThreeMDTests.DocumentFileCompositionTests testCancelledPathResolutionPrecedesOversizedInput]' started.
Test Case '-[ThreeMDTests.DocumentFileCompositionTests testCancelledPathResolutionPrecedesOversizedInput]' passed (0.096 seconds).
Test Case '-[ThreeMDTests.DocumentFileCompositionTests testChildStorageFailuresKeepOriginalErrorType]' started.
Test Case '-[ThreeMDTests.DocumentFileCompositionTests testChildStorageFailuresKeepOriginalErrorType]' passed (0.001 seconds).
Test Case '-[ThreeMDTests.DocumentFileCompositionTests testDisconnectedEmbeddedLedgerUsesActualEntryDepthAndRepeatedCachedFiles]' started.
Test Case '-[ThreeMDTests.DocumentFileCompositionTests testDisconnectedEmbeddedLedgerUsesActualEntryDepthAndRepeatedCachedFiles]' passed (0.003 seconds).
Test Case '-[ThreeMDTests.DocumentFileCompositionTests testDiscoveryMissingFilePrecedesUnvalidatedFinalGraphDepth]' started.
Test Case '-[ThreeMDTests.DocumentFileCompositionTests testDiscoveryMissingFilePrecedesUnvalidatedFinalGraphDepth]' passed (0.001 seconds).
Test Case '-[ThreeMDTests.DocumentFileCompositionTests testDuplicateBasenamesAndUnicodeScalarOrderingRemainDistinct]' started.
Test Case '-[ThreeMDTests.DocumentFileCompositionTests testDuplicateBasenamesAndUnicodeScalarOrderingRemainDistinct]' passed (0.003 seconds).
Test Case '-[ThreeMDTests.DocumentFileCompositionTests testDuplicateNormalizedAndCanonicallyEquivalentSourcesFailBeforeDecode]' started.
Test Case '-[ThreeMDTests.DocumentFileCompositionTests testDuplicateNormalizedAndCanonicallyEquivalentSourcesFailBeforeDecode]' passed (0.000 seconds).
Test Case '-[ThreeMDTests.DocumentFileCompositionTests testExistingBundleRetainsUnusedEntriesOpaqueAttributesAndIdentitiesAndScansEveryLedger]' started.
Test Case '-[ThreeMDTests.DocumentFileCompositionTests testExistingBundleRetainsUnusedEntriesOpaqueAttributesAndIdentitiesAndScansEveryLedger]' passed (0.006 seconds).
Test Case '-[ThreeMDTests.DocumentFileCompositionTests testExistingEdgesPrecedeLedgerEdgesAndEmbeddedLedgersResolveFromTheirBundleFolder]' started.
Test Case '-[ThreeMDTests.DocumentFileCompositionTests testExistingEdgesPrecedeLedgerEdgesAndEmbeddedLedgersResolveFromTheirBundleFolder]' passed (0.004 seconds).
Test Case '-[ThreeMDTests.DocumentFileCompositionTests testFileCyclesIncludeUnusedEmbeddedEntryLedgers]' started.
Test Case '-[ThreeMDTests.DocumentFileCompositionTests testFileCyclesIncludeUnusedEmbeddedEntryLedgers]' passed (0.002 seconds).
Test Case '-[ThreeMDTests.DocumentFileCompositionTests testFixedFileDiscoverySafetyCeilingRemainsBoundedForDisconnectedEntries]' started.
Test Case '-[ThreeMDTests.DocumentFileCompositionTests testFixedFileDiscoverySafetyCeilingRemainsBoundedForDisconnectedEntries]' passed (0.207 seconds).
Test Case '-[ThreeMDTests.DocumentFileCompositionTests testLedgerEscapesDecodeBeforePathGrammar]' started.
Test Case '-[ThreeMDTests.DocumentFileCompositionTests testLedgerEscapesDecodeBeforePathGrammar]' passed (0.004 seconds).
Test Case '-[ThreeMDTests.DocumentFileCompositionTests testLedgerRejectsDuplicateEscapedKeysAndMalformedValuesAndGlyphs]' started.
Test Case '-[ThreeMDTests.DocumentFileCompositionTests testLedgerRejectsDuplicateEscapedKeysAndMalformedValuesAndGlyphs]' passed (0.000 seconds).
Test Case '-[ThreeMDTests.DocumentFileCompositionTests testLongDirectoryOwnersResolveRepeatedSourcesOnceAndRefuseOverBoundTargetsAtTheFirstEdge]' started.
Test Case '-[ThreeMDTests.DocumentFileCompositionTests testLongDirectoryOwnersResolveRepeatedSourcesOnceAndRefuseOverBoundTargetsAtTheFirstEdge]' passed (1.675 seconds).
Test Case '-[ThreeMDTests.DocumentFileCompositionTests testLongOwnerPathWithManyReferencesResolvesEveryReferenceInItsDirectory]' started.
Test Case '-[ThreeMDTests.DocumentFileCompositionTests testLongOwnerPathWithManyReferencesResolvesEveryReferenceInItsDirectory]' passed (0.112 seconds).
Test Case '-[ThreeMDTests.DocumentFileCompositionTests testLoweredDefinitionDepthReferenceTraversalAndAttributePoliciesApplyToCompleteGraph]' started.
Test Case '-[ThreeMDTests.DocumentFileCompositionTests testLoweredDefinitionDepthReferenceTraversalAndAttributePoliciesApplyToCompleteGraph]' passed (0.004 seconds).
Test Case '-[ThreeMDTests.DocumentFileCompositionTests testLoweredPolicyChargesOriginalPathBytesBeforePathGrammarAndEncodedBytesBeforeDecoding]' started.
Test Case '-[ThreeMDTests.DocumentFileCompositionTests testLoweredPolicyChargesOriginalPathBytesBeforePathGrammarAndEncodedBytesBeforeDecoding]' passed (0.002 seconds).
Test Case '-[ThreeMDTests.DocumentFileCompositionTests testMissingRootAndLinkedChildReportNormalizedMissingPaths]' started.
Test Case '-[ThreeMDTests.DocumentFileCompositionTests testMissingRootAndLinkedChildReportNormalizedMissingPaths]' passed (0.000 seconds).
Test Case '-[ThreeMDTests.DocumentFileCompositionTests testNestedParentPathsAndRefreshedChildrenRetainDeterministicIDs]' started.
Test Case '-[ThreeMDTests.DocumentFileCompositionTests testNestedParentPathsAndRefreshedChildrenRetainDeterministicIDs]' passed (0.003 seconds).
Test Case '-[ThreeMDTests.DocumentFileCompositionTests testNestedProfileUsesProfileRecordPolicyWhileOrdinaryAndChildDocumentsKeepTheirOwnPolicy]' started.
Test Case '-[ThreeMDTests.DocumentFileCompositionTests testNestedProfileUsesProfileRecordPolicyWhileOrdinaryAndChildDocumentsKeepTheirOwnPolicy]' passed (0.007 seconds).
Test Case '-[ThreeMDTests.DocumentFileCompositionTests testOnlyReachableSourcesDecode]' started.
Test Case '-[ThreeMDTests.DocumentFileCompositionTests testOnlyReachableSourcesDecode]' passed (0.001 seconds).
Test Case '-[ThreeMDTests.DocumentFileCompositionTests testOuterRecognitionDoesNotUseCallerPlaneLimitBeforeByteAndLinePolicies]' started.
Test Case '-[ThreeMDTests.DocumentFileCompositionTests testOuterRecognitionDoesNotUseCallerPlaneLimitBeforeByteAndLinePolicies]' passed (0.001 seconds).
Test Case '-[ThreeMDTests.DocumentFileCompositionTests testOverBoundLedgerEdgeIsRefusedWhileResolvingBeforeLaterRefusals]' started.
Test Case '-[ThreeMDTests.DocumentFileCompositionTests testOverBoundLedgerEdgeIsRefusedWhileResolvingBeforeLaterRefusals]' passed (0.002 seconds).
Test Case '-[ThreeMDTests.DocumentFileCompositionTests testOwnerDirectoryResolutionKeepsParentDotAndGrammarSemantics]' started.
Test Case '-[ThreeMDTests.DocumentFileCompositionTests testOwnerDirectoryResolutionKeepsParentDotAndGrammarSemantics]' passed (0.000 seconds).
Test Case '-[ThreeMDTests.DocumentFileCompositionTests testPathsNormalizeNFCAndParentsWithoutPercentDecoding]' started.
Test Case '-[ThreeMDTests.DocumentFileCompositionTests testPathsNormalizeNFCAndParentsWithoutPercentDecoding]' passed (0.000 seconds).
Test Case '-[ThreeMDTests.DocumentFileCompositionTests testReachableEncodedByteAndSuppliedCountAndAggregatePathLimitsFailBeforeIndexingOrPublishing]' started.
Test Case '-[ThreeMDTests.DocumentFileCompositionTests testReachableEncodedByteAndSuppliedCountAndAggregatePathLimitsFailBeforeIndexingOrPublishing]' passed (0.001 seconds).
Test Case '-[ThreeMDTests.DocumentFileCompositionTests testRefusalsFollowEntryIDThenGlyphDiscoveryOrder]' started.
Test Case '-[ThreeMDTests.DocumentFileCompositionTests testRefusalsFollowEntryIDThenGlyphDiscoveryOrder]' passed (0.005 seconds).
Test Case '-[ThreeMDTests.DocumentFileCompositionTests testRepeatedCachedFilesAreStillCheckedAgainstFinalCompleteEntryDepth]' started.
Test Case '-[ThreeMDTests.DocumentFileCompositionTests testRepeatedCachedFilesAreStillCheckedAgainstFinalCompleteEntryDepth]' passed (0.003 seconds).
Test Case '-[ThreeMDTests.DocumentFileCompositionTests testResolverOutputRebundlesWithOpaqueGlyphAndSourceFileAttributes]' started.
Test Case '-[ThreeMDTests.DocumentFileCompositionTests testResolverOutputRebundlesWithOpaqueGlyphAndSourceFileAttributes]' passed (0.004 seconds).
Test Case '-[ThreeMDTests.DocumentFileCompositionTests testRootAndUnreachableSuppliedPathsUseTheLedgerPathGrammar]' started.
Test Case '-[ThreeMDTests.DocumentFileCompositionTests testRootAndUnreachableSuppliedPathsUseTheLedgerPathGrammar]' passed (0.003 seconds).
Test Case '-[ThreeMDTests.DocumentFileCompositionTests testSelfAndAliasCyclesCompareNormalizedPaths]' started.
Test Case '-[ThreeMDTests.DocumentFileCompositionTests testSelfAndAliasCyclesCompareNormalizedPaths]' passed (0.002 seconds).
Test Case '-[ThreeMDTests.DocumentFileCompositionTests testSimpleRepeatedFilesProduceOneDefinitionAndPreserveOrdinaryDocumentFields]' started.
Test Case '-[ThreeMDTests.DocumentFileCompositionTests testSimpleRepeatedFilesProduceOneDefinitionAndPreserveOrdinaryDocumentFields]' passed (0.001 seconds).
Test Case '-[ThreeMDTests.DocumentFileCompositionTests testSourceFileAttributeBoundCountsNormalizedUTF8Bytes]' started.
Test Case '-[ThreeMDTests.DocumentFileCompositionTests testSourceFileAttributeBoundCountsNormalizedUTF8Bytes]' passed (0.152 seconds).
Test Case '-[ThreeMDTests.DocumentFileCompositionTests testStandalonePathAndLedgerRecordCapsUseInputLimit]' started.
Test Case '-[ThreeMDTests.DocumentFileCompositionTests testStandalonePathAndLedgerRecordCapsUseInputLimit]' passed (0.096 seconds).
Test Case '-[ThreeMDTests.DocumentFileCompositionTests testTextAndUncompressedBinaryChildrenBundleIdenticallyWithoutExtensionRestrictions]' started.
Test Case '-[ThreeMDTests.DocumentFileCompositionTests testTextAndUncompressedBinaryChildrenBundleIdenticallyWithoutExtensionRestrictions]' passed (0.003 seconds).
Test Suite 'DocumentFileCompositionTests' passed at 2026-10-06 12:26:10.279.
	 Executed 39 tests, with 0 failures (0 unexpected) in 3.857 (3.861) seconds
Test Suite 'DocumentIdentityTests' started at 2026-10-06 12:26:10.279.
Test Case '-[ThreeMDTests.DocumentIdentityTests testAdoptionPreservesNamespaceMetadataAndDeterministicallySkipsExistingIDs]' started.
Test Case '-[ThreeMDTests.DocumentIdentityTests testAdoptionPreservesNamespaceMetadataAndDeterministicallySkipsExistingIDs]' passed (0.001 seconds).
Test Case '-[ThreeMDTests.DocumentIdentityTests testCancelledIdentityAdoptionReturnsCancellation]' started.
Test Case '-[ThreeMDTests.DocumentIdentityTests testCancelledIdentityAdoptionReturnsCancellation]' passed (0.000 seconds).
Test Case '-[ThreeMDTests.DocumentIdentityTests testDuplicateReferenceIdentityFailsWithinOwnerOnly]' started.
Test Case '-[ThreeMDTests.DocumentIdentityTests testDuplicateReferenceIdentityFailsWithinOwnerOnly]' passed (0.000 seconds).
Test Case '-[ThreeMDTests.DocumentIdentityTests testDuplicatesAreRejectedRatherThanSilentlyRegenerated]' started.
Test Case '-[ThreeMDTests.DocumentIdentityTests testDuplicatesAreRejectedRatherThanSilentlyRegenerated]' passed (0.000 seconds).
Test Case '-[ThreeMDTests.DocumentIdentityTests testExplicitIdentitiesRoundTripThroughTextAndBothBinaryBackends]' started.
Test Case '-[ThreeMDTests.DocumentIdentityTests testExplicitIdentitiesRoundTripThroughTextAndBothBinaryBackends]' passed (0.001 seconds).
Test Case '-[ThreeMDTests.DocumentIdentityTests testIdentityAdoptionRespectsDocumentAndReferenceAttributeBudgets]' started.
Test Case '-[ThreeMDTests.DocumentIdentityTests testIdentityAdoptionRespectsDocumentAndReferenceAttributeBudgets]' passed (0.001 seconds).
Test Case '-[ThreeMDTests.DocumentIdentityTests testRepeatedTargetsGainIndependentOwnerScopedReferenceIDs]' started.
Test Case '-[ThreeMDTests.DocumentIdentityTests testRepeatedTargetsGainIndependentOwnerScopedReferenceIDs]' passed (0.003 seconds).
Test Case '-[ThreeMDTests.DocumentIdentityTests testUnsafeAndEmptyExistingIDsAreRejectedWithExactPaths]' started.
Test Case '-[ThreeMDTests.DocumentIdentityTests testUnsafeAndEmptyExistingIDsAreRejectedWithExactPaths]' passed (0.001 seconds).
Test Suite 'DocumentIdentityTests' passed at 2026-10-06 12:26:10.287.
	 Executed 8 tests, with 0 failures (0 unexpected) in 0.007 (0.008) seconds
Test Suite 'DocumentStorageBoundsTests' started at 2026-10-06 12:26:10.287.
Test Case '-[ThreeMDTests.DocumentStorageBoundsTests testCanceledTasksCannotReturnPartiallyEncodedOrDecodedDocuments]' started.
Test Case '-[ThreeMDTests.DocumentStorageBoundsTests testCanceledTasksCannotReturnPartiallyEncodedOrDecodedDocuments]' passed (0.002 seconds).
Test Case '-[ThreeMDTests.DocumentStorageBoundsTests testCombinedScalarAndDirectiveBytesCannotBypassTheOutputBound]' started.
Test Case '-[ThreeMDTests.DocumentStorageBoundsTests testCombinedScalarAndDirectiveBytesCannotBypassTheOutputBound]' passed (0.000 seconds).
Test Case '-[ThreeMDTests.DocumentStorageBoundsTests testLimitsArePositiveAndHaveAbsoluteCeilings]' started.
Test Case '-[ThreeMDTests.DocumentStorageBoundsTests testLimitsArePositiveAndHaveAbsoluteCeilings]' passed (0.000 seconds).
Test Case '-[ThreeMDTests.DocumentStorageBoundsTests testPhysicalLinesAreBoundedBeforeParsingEvenForBlankInputs]' started.
Test Case '-[ThreeMDTests.DocumentStorageBoundsTests testPhysicalLinesAreBoundedBeforeParsingEvenForBlankInputs]' passed (0.009 seconds).
Test Case '-[ThreeMDTests.DocumentStorageBoundsTests testPlanePreflightIgnoresDirectivesInsideBothKindsOfFences]' started.
Test Case '-[ThreeMDTests.DocumentStorageBoundsTests testPlanePreflightIgnoresDirectivesInsideBothKindsOfFences]' passed (0.001 seconds).
Test Case '-[ThreeMDTests.DocumentStorageBoundsTests testRecordBoundIncludesWholePlaneBodiesAndEscapedScalarLines]' started.
Test Case '-[ThreeMDTests.DocumentStorageBoundsTests testRecordBoundIncludesWholePlaneBodiesAndEscapedScalarLines]' passed (0.000 seconds).
Test Case '-[ThreeMDTests.DocumentStorageBoundsTests testTextAndPortableBinaryAcceptExactByteBounds]' started.
Test Case '-[ThreeMDTests.DocumentStorageBoundsTests testTextAndPortableBinaryAcceptExactByteBounds]' passed (0.001 seconds).
Test Suite 'DocumentStorageBoundsTests' passed at 2026-10-06 12:26:10.299.
	 Executed 7 tests, with 0 failures (0 unexpected) in 0.012 (0.013) seconds
Test Suite 'DocumentStorageCompressionTests' started at 2026-10-06 12:26:10.299.
Test Case '-[ThreeMDTests.DocumentStorageCompressionTests testAppleLZFSECompressionIsDeterministicAndRoundTripsGeneralText]' started.
Test Case '-[ThreeMDTests.DocumentStorageCompressionTests testAppleLZFSECompressionIsDeterministicAndRoundTripsGeneralText]' passed (0.145 seconds).
Test Case '-[ThreeMDTests.DocumentStorageCompressionTests testCanceledCompressionAndDecompressionRemainCancellationErrors]' started.
Test Case '-[ThreeMDTests.DocumentStorageCompressionTests testCanceledCompressionAndDecompressionRemainCancellationErrors]' passed (0.017 seconds).
Test Case '-[ThreeMDTests.DocumentStorageCompressionTests testDeclaredOutputSizeCannotTruncateOrGrowDecompression]' started.
Test Case '-[ThreeMDTests.DocumentStorageCompressionTests testDeclaredOutputSizeCannotTruncateOrGrowDecompression]' passed (0.087 seconds).
Test Case '-[ThreeMDTests.DocumentStorageCompressionTests testEveryTruncationAndMalformedCompressionPayloadFailsWithoutPartialResults]' started.
Test Case '-[ThreeMDTests.DocumentStorageCompressionTests testEveryTruncationAndMalformedCompressionPayloadFailsWithoutPartialResults]' passed (0.005 seconds).
Test Case '-[ThreeMDTests.DocumentStorageCompressionTests testLargeFirstStreamDrainsMultipleChunksBeforeFinalMarkerAndRejectsConcatenation]' started.
Test Case '-[ThreeMDTests.DocumentStorageCompressionTests testLargeFirstStreamDrainsMultipleChunksBeforeFinalMarkerAndRejectsConcatenation]' passed (0.086 seconds).
Test Case '-[ThreeMDTests.DocumentStorageCompressionTests testLZFSERejectsTrailingAndConcatenatedStreamsWithValidChecksums]' started.
Test Case '-[ThreeMDTests.DocumentStorageCompressionTests testLZFSERejectsTrailingAndConcatenatedStreamsWithValidChecksums]' passed (0.000 seconds).
Test Suite 'DocumentStorageCompressionTests' passed at 2026-10-06 12:26:10.640.
	 Executed 6 tests, with 0 failures (0 unexpected) in 0.339 (0.340) seconds
Test Suite 'DocumentStorageDecimalTests' started at 2026-10-06 12:26:10.640.
Test Case '-[ThreeMDTests.DocumentStorageDecimalTests testCancellationDuringAnInvalidParseRemainsCancellationError]' started.
Test Case '-[ThreeMDTests.DocumentStorageDecimalTests testCancellationDuringAnInvalidParseRemainsCancellationError]' passed (0.001 seconds).
Test Case '-[ThreeMDTests.DocumentStorageDecimalTests testLongMalformedDecimalRejectsReadableAndChecksummedBinaryWithoutBacktracking]' started.
Test Case '-[ThreeMDTests.DocumentStorageDecimalTests testLongMalformedDecimalRejectsReadableAndChecksummedBinaryWithoutBacktracking]' passed (0.003 seconds).
Test Suite 'DocumentStorageDecimalTests' passed at 2026-10-06 12:26:10.644.
	 Executed 2 tests, with 0 failures (0 unexpected) in 0.005 (0.005) seconds
Test Suite 'DocumentStorageTests' started at 2026-10-06 12:26:10.644.
Test Case '-[ThreeMDTests.DocumentStorageTests testAllHeaderFieldsAndCorruptionAreChecked]' started.
Test Case '-[ThreeMDTests.DocumentStorageTests testAllHeaderFieldsAndCorruptionAreChecked]' passed (0.001 seconds).
Test Case '-[ThreeMDTests.DocumentStorageTests testBinaryDecodeHandlesDataSlices]' started.
Test Case '-[ThreeMDTests.DocumentStorageTests testBinaryDecodeHandlesDataSlices]' passed (0.000 seconds).
Test Case '-[ThreeMDTests.DocumentStorageTests testCheckedInCompressedCanopyRoundTripsToItsReadableDocument]' started.
Test Case '-[ThreeMDTests.DocumentStorageTests testCheckedInCompressedCanopyRoundTripsToItsReadableDocument]' passed (0.002 seconds).
Test Case '-[ThreeMDTests.DocumentStorageTests testCheckedInExtensionManifestDescribesTheActualSixArtifacts]' started.
Test Case '-[ThreeMDTests.DocumentStorageTests testCheckedInExtensionManifestDescribesTheActualSixArtifacts]' passed (0.002 seconds).
Test Case '-[ThreeMDTests.DocumentStorageTests testCheckedInPortableCanopyRoundTripsToItsReadableDocument]' started.
Test Case '-[ThreeMDTests.DocumentStorageTests testCheckedInPortableCanopyRoundTripsToItsReadableDocument]' passed (0.001 seconds).
Test Case '-[ThreeMDTests.DocumentStorageTests testContainerPayloadMustBeValidUTF8AndThreeMDText]' started.
Test Case '-[ThreeMDTests.DocumentStorageTests testContainerPayloadMustBeValidUTF8AndThreeMDText]' passed (0.000 seconds).
Test Case '-[ThreeMDTests.DocumentStorageTests testDirectDocumentValidationRejectsLossyOrAmbiguousSerialization]' started.
Test Case '-[ThreeMDTests.DocumentStorageTests testDirectDocumentValidationRejectsLossyOrAmbiguousSerialization]' passed (0.000 seconds).
Test Case '-[ThreeMDTests.DocumentStorageTests testGeneralDocumentsPreserveUnicodeCustomAxesAndFractionalPositions]' started.
Test Case '-[ThreeMDTests.DocumentStorageTests testGeneralDocumentsPreserveUnicodeCustomAxesAndFractionalPositions]' passed (0.002 seconds).
Test Case '-[ThreeMDTests.DocumentStorageTests testPortableContainerFixedVector]' started.
Test Case '-[ThreeMDTests.DocumentStorageTests testPortableContainerFixedVector]' passed (0.000 seconds).
Test Case '-[ThreeMDTests.DocumentStorageTests testStorageRetainsTextGrammarAndLegacySerializerPreservesLiteralQuotes]' started.
Test Case '-[ThreeMDTests.DocumentStorageTests testStorageRetainsTextGrammarAndLegacySerializerPreservesLiteralQuotes]' passed (0.000 seconds).
Test Suite 'DocumentStorageTests' passed at 2026-10-06 12:26:10.654.
	 Executed 10 tests, with 0 failures (0 unexpected) in 0.009 (0.009) seconds
Test Suite 'ExtensionConformanceTests' started at 2026-10-06 12:26:10.654.
Test Case '-[ThreeMDTests.ExtensionConformanceTests testCanonicalNumericBitPatternsMatchSharedSwiftFormattingVectors]' started.
Test Case '-[ThreeMDTests.ExtensionConformanceTests testCanonicalNumericBitPatternsMatchSharedSwiftFormattingVectors]' passed (0.005 seconds).
Test Case '-[ThreeMDTests.ExtensionConformanceTests testDocumentEnvelopeAndProfileGoldensMatchExactCanonicalBytes]' started.
Test Case '-[ThreeMDTests.ExtensionConformanceTests testDocumentEnvelopeAndProfileGoldensMatchExactCanonicalBytes]' passed (0.010 seconds).
Test Case '-[ThreeMDTests.ExtensionConformanceTests testSharedBinaryChecksumGoldensRejectCorruption]' started.
Test Case '-[ThreeMDTests.ExtensionConformanceTests testSharedBinaryChecksumGoldensRejectCorruption]' passed (0.001 seconds).
Test Case '-[ThreeMDTests.ExtensionConformanceTests testSharedCompositionTransactionsKeepUnchangedDefinitionsAndRepeatedInstances]' started.
Test Case '-[ThreeMDTests.ExtensionConformanceTests testSharedCompositionTransactionsKeepUnchangedDefinitionsAndRepeatedInstances]' passed (0.010 seconds).
Test Case '-[ThreeMDTests.ExtensionConformanceTests testSharedDocumentTransactionsValidateFinalValuesAtomically]' started.
Test Case '-[ThreeMDTests.ExtensionConformanceTests testSharedDocumentTransactionsValidateFinalValuesAtomically]' passed (0.004 seconds).
Test Case '-[ThreeMDTests.ExtensionConformanceTests testSharedFailedTransactionsHaveStableCodesPathsAndNoPartialPublication]' started.
Test Case '-[ThreeMDTests.ExtensionConformanceTests testSharedFailedTransactionsHaveStableCodesPathsAndNoPartialPublication]' passed (0.008 seconds).
Test Case '-[ThreeMDTests.ExtensionConformanceTests testSharedIdentityAdoptionPreservesOpaqueFieldsAndOwnerScopes]' started.
Test Case '-[ThreeMDTests.ExtensionConformanceTests testSharedIdentityAdoptionPreservesOpaqueFieldsAndOwnerScopes]' passed (0.005 seconds).
Test Case '-[ThreeMDTests.ExtensionConformanceTests testStrictCompositionJSONRejectsCanonicallyEquivalentDuplicateKeys]' started.
Test Case '-[ThreeMDTests.ExtensionConformanceTests testStrictCompositionJSONRejectsCanonicallyEquivalentDuplicateKeys]' passed (0.001 seconds).
Test Case '-[ThreeMDTests.ExtensionConformanceTests testUnicodeKeyOrderingGoldensPreserveOriginalSpellingAndExactBytes]' started.
Test Case '-[ThreeMDTests.ExtensionConformanceTests testUnicodeKeyOrderingGoldensPreserveOriginalSpellingAndExactBytes]' passed (0.002 seconds).
Test Case '-[ThreeMDTests.ExtensionConformanceTests testUnicodeSourceKeyCollisionsKeepFirstSpellingAndLastValue]' started.
Test Case '-[ThreeMDTests.ExtensionConformanceTests testUnicodeSourceKeyCollisionsKeepFirstSpellingAndLastValue]' passed (0.001 seconds).
Test Suite 'ExtensionConformanceTests' passed at 2026-10-06 12:26:10.701.
	 Executed 10 tests, with 0 failures (0 unexpected) in 0.046 (0.047) seconds
Test Suite 'HTMLRendererTests' started at 2026-10-06 12:26:10.701.
Test Case '-[ThreeMDTests.HTMLRendererTests testAmpersandEscaped]' started.
Test Case '-[ThreeMDTests.HTMLRendererTests testAmpersandEscaped]' passed (0.000 seconds).
Test Case '-[ThreeMDTests.HTMLRendererTests testAxisEmittedInMeta]' started.
Test Case '-[ThreeMDTests.HTMLRendererTests testAxisEmittedInMeta]' passed (0.000 seconds).
Test Case '-[ThreeMDTests.HTMLRendererTests testBodyRenderedAsMarkdown]' started.
Test Case '-[ThreeMDTests.HTMLRendererTests testBodyRenderedAsMarkdown]' passed (0.000 seconds).
Test Case '-[ThreeMDTests.HTMLRendererTests testDecimalZInDataAttribute]' started.
Test Case '-[ThreeMDTests.HTMLRendererTests testDecimalZInDataAttribute]' passed (0.000 seconds).
Test Case '-[ThreeMDTests.HTMLRendererTests testDoubleQuoteEscaped]' started.
Test Case '-[ThreeMDTests.HTMLRendererTests testDoubleQuoteEscaped]' passed (0.000 seconds).
Test Case '-[ThreeMDTests.HTMLRendererTests testLabelRenderedAsHeading]' started.
Test Case '-[ThreeMDTests.HTMLRendererTests testLabelRenderedAsHeading]' passed (0.000 seconds).
Test Case '-[ThreeMDTests.HTMLRendererTests testLabelSpecialCharsEscaped]' started.
Test Case '-[ThreeMDTests.HTMLRendererTests testLabelSpecialCharsEscaped]' passed (0.000 seconds).
Test Case '-[ThreeMDTests.HTMLRendererTests testLessThanEscaped]' started.
Test Case '-[ThreeMDTests.HTMLRendererTests testLessThanEscaped]' passed (0.000 seconds).
Test Case '-[ThreeMDTests.HTMLRendererTests testMissingTitleFallsBackToDefault]' started.
Test Case '-[ThreeMDTests.HTMLRendererTests testMissingTitleFallsBackToDefault]' passed (0.000 seconds).
Test Case '-[ThreeMDTests.HTMLRendererTests testOutputContainsHeadAndBody]' started.
Test Case '-[ThreeMDTests.HTMLRendererTests testOutputContainsHeadAndBody]' passed (0.000 seconds).
Test Case '-[ThreeMDTests.HTMLRendererTests testOutputIsStandaloneHTML]' started.
Test Case '-[ThreeMDTests.HTMLRendererTests testOutputIsStandaloneHTML]' passed (0.000 seconds).
Test Case '-[ThreeMDTests.HTMLRendererTests testPlaneCountMatchesSections]' started.
Test Case '-[ThreeMDTests.HTMLRendererTests testPlaneCountMatchesSections]' passed (0.000 seconds).
Test Case '-[ThreeMDTests.HTMLRendererTests testPreambleRenderedInSection]' started.
Test Case '-[ThreeMDTests.HTMLRendererTests testPreambleRenderedInSection]' passed (0.000 seconds).
Test Case '-[ThreeMDTests.HTMLRendererTests testSectionCarriesAriaLabel]' started.
Test Case '-[ThreeMDTests.HTMLRendererTests testSectionCarriesAriaLabel]' passed (0.000 seconds).
Test Case '-[ThreeMDTests.HTMLRendererTests testSectionCarriesDataZ]' started.
Test Case '-[ThreeMDTests.HTMLRendererTests testSectionCarriesDataZ]' passed (0.000 seconds).
Test Case '-[ThreeMDTests.HTMLRendererTests testSingleQuoteEscaped]' started.
Test Case '-[ThreeMDTests.HTMLRendererTests testSingleQuoteEscaped]' passed (0.000 seconds).
Test Case '-[ThreeMDTests.HTMLRendererTests testTitleEmittedInH1]' started.
Test Case '-[ThreeMDTests.HTMLRendererTests testTitleEmittedInH1]' passed (0.000 seconds).
Test Case '-[ThreeMDTests.HTMLRendererTests testTitleEmittedInTitleElement]' started.
Test Case '-[ThreeMDTests.HTMLRendererTests testTitleEmittedInTitleElement]' passed (0.000 seconds).
Test Case '-[ThreeMDTests.HTMLRendererTests testTitleSpecialCharsEscaped]' started.
Test Case '-[ThreeMDTests.HTMLRendererTests testTitleSpecialCharsEscaped]' passed (0.000 seconds).
Test Case '-[ThreeMDTests.HTMLRendererTests testVersionEmittedInMeta]' started.
Test Case '-[ThreeMDTests.HTMLRendererTests testVersionEmittedInMeta]' passed (0.000 seconds).
Test Suite 'HTMLRendererTests' passed at 2026-10-06 12:26:10.706.
	 Executed 20 tests, with 0 failures (0 unexpected) in 0.004 (0.005) seconds
Test Suite 'InterchangeConformanceTests' started at 2026-10-06 12:26:10.706.
Test Case '-[ThreeMDTests.InterchangeConformanceTests testAdoptionAndDeterministicDocumentEditsHaveExactRevisionAndRejectReuse]' started.
Test Case '-[ThreeMDTests.InterchangeConformanceTests testAdoptionAndDeterministicDocumentEditsHaveExactRevisionAndRejectReuse]' passed (0.045 seconds).
Test Case '-[ThreeMDTests.InterchangeConformanceTests testASCIIFencePrefixesWithCombiningMarksKeepInnerDirectivesAsBody]' started.
Test Case '-[ThreeMDTests.InterchangeConformanceTests testASCIIFencePrefixesWithCombiningMarksKeepInnerDirectivesAsBody]' passed (0.000 seconds).
Test Case '-[ThreeMDTests.InterchangeConformanceTests testCatalogIncludesEveryDeclaredExtensionSourceAndBinaryGolden]' started.
Test Case '-[ThreeMDTests.InterchangeConformanceTests testCatalogIncludesEveryDeclaredExtensionSourceAndBinaryGolden]' passed (0.001 seconds).
Test Case '-[ThreeMDTests.InterchangeConformanceTests testCatalogRequiresEveryLegacySourceAndHasUniqueCompleteCases]' started.
Test Case '-[ThreeMDTests.InterchangeConformanceTests testCatalogRequiresEveryLegacySourceAndHasUniqueCompleteCases]' passed (0.016 seconds).
Test Case '-[ThreeMDTests.InterchangeConformanceTests testCombiningMarkEscapesChargeExactCanonicalUTF8OutputBytes]' started.
Test Case '-[ThreeMDTests.InterchangeConformanceTests testCombiningMarkEscapesChargeExactCanonicalUTF8OutputBytes]' passed (0.001 seconds).
Test Case '-[ThreeMDTests.InterchangeConformanceTests testEveryInvalidCatalogSourceReportsItsRequiredTypedError]' started.
Test Case '-[ThreeMDTests.InterchangeConformanceTests testEveryInvalidCatalogSourceReportsItsRequiredTypedError]' passed (0.006 seconds).
Test Case '-[ThreeMDTests.InterchangeConformanceTests testEveryValidCatalogSourceAndLegacyOutputPreserveExactCanonicalBytes]' started.
Test Case '-[ThreeMDTests.InterchangeConformanceTests testEveryValidCatalogSourceAndLegacyOutputPreserveExactCanonicalBytes]' passed (0.060 seconds).
Test Case '-[ThreeMDTests.InterchangeConformanceTests testLegacySerializerPreservesRepresentableScalarQuotesAndFoundationEdgeWhitespace]' started.
Test Case '-[ThreeMDTests.InterchangeConformanceTests testLegacySerializerPreservesRepresentableScalarQuotesAndFoundationEdgeWhitespace]' passed (0.002 seconds).
Test Case '-[ThreeMDTests.InterchangeConformanceTests testScalarFieldSeparatorsAndSpaceTokensMatchBoundedPreflight]' started.
Test Case '-[ThreeMDTests.InterchangeConformanceTests testScalarFieldSeparatorsAndSpaceTokensMatchBoundedPreflight]' passed (0.000 seconds).
Test Case '-[ThreeMDTests.InterchangeConformanceTests testScalarQuoteAndEscapeDelimitersPreserveAdjacentCombiningMarks]' started.
Test Case '-[ThreeMDTests.InterchangeConformanceTests testScalarQuoteAndEscapeDelimitersPreserveAdjacentCombiningMarks]' passed (0.002 seconds).
Test Case '-[ThreeMDTests.InterchangeConformanceTests testSharedDAGAndUnusedDefinitionsSurviveAdoptionAndRootReplacement]' started.
Test Case '-[ThreeMDTests.InterchangeConformanceTests testSharedDAGAndUnusedDefinitionsSurviveAdoptionAndRootReplacement]' passed (0.005 seconds).
Test Case '-[ThreeMDTests.InterchangeConformanceTests testStorageRejectsReservedASCIIDelimitersInsideCombiningGraphemes]' started.
Test Case '-[ThreeMDTests.InterchangeConformanceTests testStorageRejectsReservedASCIIDelimitersInsideCombiningGraphemes]' passed (0.000 seconds).
Test Suite 'InterchangeConformanceTests' passed at 2026-10-06 12:26:10.847.
	 Executed 12 tests, with 0 failures (0 unexpected) in 0.139 (0.141) seconds
Test Suite 'MarkdownRendererTests' started at 2026-10-06 12:26:10.847.
Test Case '-[ThreeMDTests.MarkdownRendererTests testAmpersandInParagraphIsEscaped]' started.
Test Case '-[ThreeMDTests.MarkdownRendererTests testAmpersandInParagraphIsEscaped]' passed (0.000 seconds).
Test Case '-[ThreeMDTests.MarkdownRendererTests testBlankLineSeparatesParagraphs]' started.
Test Case '-[ThreeMDTests.MarkdownRendererTests testBlankLineSeparatesParagraphs]' passed (0.000 seconds).
Test Case '-[ThreeMDTests.MarkdownRendererTests testBlockquote]' started.
Test Case '-[ThreeMDTests.MarkdownRendererTests testBlockquote]' passed (0.000 seconds).
Test Case '-[ThreeMDTests.MarkdownRendererTests testBoldDoubleAsterisk]' started.
Test Case '-[ThreeMDTests.MarkdownRendererTests testBoldDoubleAsterisk]' passed (0.000 seconds).
Test Case '-[ThreeMDTests.MarkdownRendererTests testBoldDoubleUnderscore]' started.
Test Case '-[ThreeMDTests.MarkdownRendererTests testBoldDoubleUnderscore]' passed (0.000 seconds).
Test Case '-[ThreeMDTests.MarkdownRendererTests testBoldMidSentence]' started.
Test Case '-[ThreeMDTests.MarkdownRendererTests testBoldMidSentence]' passed (0.000 seconds).
Test Case '-[ThreeMDTests.MarkdownRendererTests testCheckedTaskItemLowercase]' started.
Test Case '-[ThreeMDTests.MarkdownRendererTests testCheckedTaskItemLowercase]' passed (0.000 seconds).
Test Case '-[ThreeMDTests.MarkdownRendererTests testCheckedTaskItemUppercase]' started.
Test Case '-[ThreeMDTests.MarkdownRendererTests testCheckedTaskItemUppercase]' passed (0.000 seconds).
Test Case '-[ThreeMDTests.MarkdownRendererTests testDoubleQuoteInParagraphIsEscaped]' started.
Test Case '-[ThreeMDTests.MarkdownRendererTests testDoubleQuoteInParagraphIsEscaped]' passed (0.000 seconds).
Test Case '-[ThreeMDTests.MarkdownRendererTests testFencedCodeBlock]' started.
Test Case '-[ThreeMDTests.MarkdownRendererTests testFencedCodeBlock]' passed (0.000 seconds).
Test Case '-[ThreeMDTests.MarkdownRendererTests testFencedCodeBlockEscapesHTML]' started.
Test Case '-[ThreeMDTests.MarkdownRendererTests testFencedCodeBlockEscapesHTML]' passed (0.000 seconds).
Test Case '-[ThreeMDTests.MarkdownRendererTests testFencedCodeBlockPreservesMarkdownLookingContent]' started.
Test Case '-[ThreeMDTests.MarkdownRendererTests testFencedCodeBlockPreservesMarkdownLookingContent]' passed (0.000 seconds).
Test Case '-[ThreeMDTests.MarkdownRendererTests testFencedCodeBlockWithLanguage]' started.
Test Case '-[ThreeMDTests.MarkdownRendererTests testFencedCodeBlockWithLanguage]' passed (0.000 seconds).
Test Case '-[ThreeMDTests.MarkdownRendererTests testH1]' started.
Test Case '-[ThreeMDTests.MarkdownRendererTests testH1]' passed (0.000 seconds).
Test Case '-[ThreeMDTests.MarkdownRendererTests testH2]' started.
Test Case '-[ThreeMDTests.MarkdownRendererTests testH2]' passed (0.000 seconds).
Test Case '-[ThreeMDTests.MarkdownRendererTests testH3]' started.
Test Case '-[ThreeMDTests.MarkdownRendererTests testH3]' passed (0.000 seconds).
Test Case '-[ThreeMDTests.MarkdownRendererTests testH4]' started.
Test Case '-[ThreeMDTests.MarkdownRendererTests testH4]' passed (0.000 seconds).
Test Case '-[ThreeMDTests.MarkdownRendererTests testH5]' started.
Test Case '-[ThreeMDTests.MarkdownRendererTests testH5]' passed (0.000 seconds).
Test Case '-[ThreeMDTests.MarkdownRendererTests testH6]' started.
Test Case '-[ThreeMDTests.MarkdownRendererTests testH6]' passed (0.000 seconds).
Test Case '-[ThreeMDTests.MarkdownRendererTests testHeadingFollowedByParagraph]' started.
Test Case '-[ThreeMDTests.MarkdownRendererTests testHeadingFollowedByParagraph]' passed (0.000 seconds).
Test Case '-[ThreeMDTests.MarkdownRendererTests testHeadingRequiresSpaceAfterHash]' started.
Test Case '-[ThreeMDTests.MarkdownRendererTests testHeadingRequiresSpaceAfterHash]' passed (0.000 seconds).
Test Case '-[ThreeMDTests.MarkdownRendererTests testInlineCode]' started.
Test Case '-[ThreeMDTests.MarkdownRendererTests testInlineCode]' passed (0.000 seconds).
Test Case '-[ThreeMDTests.MarkdownRendererTests testInlineCodeDoesNotRenderMarkdown]' started.
Test Case '-[ThreeMDTests.MarkdownRendererTests testInlineCodeDoesNotRenderMarkdown]' passed (0.000 seconds).
Test Case '-[ThreeMDTests.MarkdownRendererTests testInlineCodeEscapesHTML]' started.
Test Case '-[ThreeMDTests.MarkdownRendererTests testInlineCodeEscapesHTML]' passed (0.000 seconds).
Test Case '-[ThreeMDTests.MarkdownRendererTests testItalicAsterisk]' started.
Test Case '-[ThreeMDTests.MarkdownRendererTests testItalicAsterisk]' passed (0.000 seconds).
Test Case '-[ThreeMDTests.MarkdownRendererTests testItalicUnderscore]' started.
Test Case '-[ThreeMDTests.MarkdownRendererTests testItalicUnderscore]' passed (0.000 seconds).
Test Case '-[ThreeMDTests.MarkdownRendererTests testLessThanInParagraphIsEscaped]' started.
Test Case '-[ThreeMDTests.MarkdownRendererTests testLessThanInParagraphIsEscaped]' passed (0.000 seconds).
Test Case '-[ThreeMDTests.MarkdownRendererTests testLink]' started.
Test Case '-[ThreeMDTests.MarkdownRendererTests testLink]' passed (0.000 seconds).
Test Case '-[ThreeMDTests.MarkdownRendererTests testLinkHrefIsEscaped]' started.
Test Case '-[ThreeMDTests.MarkdownRendererTests testLinkHrefIsEscaped]' passed (0.000 seconds).
Test Case '-[ThreeMDTests.MarkdownRendererTests testLinkTextIsEscaped]' started.
Test Case '-[ThreeMDTests.MarkdownRendererTests testLinkTextIsEscaped]' passed (0.000 seconds).
Test Case '-[ThreeMDTests.MarkdownRendererTests testMultiLineBlockquote]' started.
Test Case '-[ThreeMDTests.MarkdownRendererTests testMultiLineBlockquote]' passed (0.000 seconds).
Test Case '-[ThreeMDTests.MarkdownRendererTests testMultiLineParagraphJoinsWithSpace]' started.
Test Case '-[ThreeMDTests.MarkdownRendererTests testMultiLineParagraphJoinsWithSpace]' passed (0.000 seconds).
Test Case '-[ThreeMDTests.MarkdownRendererTests testOrderedList]' started.
Test Case '-[ThreeMDTests.MarkdownRendererTests testOrderedList]' passed (0.000 seconds).
Test Case '-[ThreeMDTests.MarkdownRendererTests testParagraphWithBoldAndLink]' started.
Test Case '-[ThreeMDTests.MarkdownRendererTests testParagraphWithBoldAndLink]' passed (0.000 seconds).
Test Case '-[ThreeMDTests.MarkdownRendererTests testSingleLineParagraph]' started.
Test Case '-[ThreeMDTests.MarkdownRendererTests testSingleLineParagraph]' passed (0.000 seconds).
Test Case '-[ThreeMDTests.MarkdownRendererTests testSingleQuoteInParagraphIsEscaped]' started.
Test Case '-[ThreeMDTests.MarkdownRendererTests testSingleQuoteInParagraphIsEscaped]' passed (0.000 seconds).
Test Case '-[ThreeMDTests.MarkdownRendererTests testUncheckedTaskItem]' started.
Test Case '-[ThreeMDTests.MarkdownRendererTests testUncheckedTaskItem]' passed (0.000 seconds).
Test Case '-[ThreeMDTests.MarkdownRendererTests testUnorderedListAsterisk]' started.
Test Case '-[ThreeMDTests.MarkdownRendererTests testUnorderedListAsterisk]' passed (0.000 seconds).
Test Case '-[ThreeMDTests.MarkdownRendererTests testUnorderedListDash]' started.
Test Case '-[ThreeMDTests.MarkdownRendererTests testUnorderedListDash]' passed (0.000 seconds).
Test Suite 'MarkdownRendererTests' passed at 2026-10-06 12:26:10.855.
	 Executed 39 tests, with 0 failures (0 unexpected) in 0.005 (0.008) seconds
Test Suite 'ParseErrorMetadataTests' started at 2026-10-06 12:26:10.855.
Test Case '-[ThreeMDTests.ParseErrorMetadataTests testDuplicatePlaneMetadata]' started.
Test Case '-[ThreeMDTests.ParseErrorMetadataTests testDuplicatePlaneMetadata]' passed (0.000 seconds).
Test Case '-[ThreeMDTests.ParseErrorMetadataTests testInvalidDirectiveMetadata]' started.
Test Case '-[ThreeMDTests.ParseErrorMetadataTests testInvalidDirectiveMetadata]' passed (0.000 seconds).
Test Case '-[ThreeMDTests.ParseErrorMetadataTests testMissingVersionCode]' started.
Test Case '-[ThreeMDTests.ParseErrorMetadataTests testMissingVersionCode]' passed (0.000 seconds).
Test Suite 'ParseErrorMetadataTests' passed at 2026-10-06 12:26:10.856.
	 Executed 3 tests, with 0 failures (0 unexpected) in 0.000 (0.001) seconds
Test Suite 'ParserNumericTests' started at 2026-10-06 12:26:10.856.
Test Case '-[ThreeMDTests.ParserNumericTests testFiniteDecimalGrammarIsPreservedForEveryCoordinate]' started.
Test Case '-[ThreeMDTests.ParserNumericTests testFiniteDecimalGrammarIsPreservedForEveryCoordinate]' passed (0.001 seconds).
Test Case '-[ThreeMDTests.ParserNumericTests testMalformedAndNonfiniteNumbersAreRejectedForEveryCoordinate]' started.
Test Case '-[ThreeMDTests.ParserNumericTests testMalformedAndNonfiniteNumbersAreRejectedForEveryCoordinate]' passed (0.001 seconds).
Test Suite 'ParserNumericTests' passed at 2026-10-06 12:26:10.857.
	 Executed 2 tests, with 0 failures (0 unexpected) in 0.002 (0.002) seconds
Test Suite 'ParserTests' started at 2026-10-06 12:26:10.857.
Test Case '-[ThreeMDTests.ParserTests testAxisDefaultsToLayer]' started.
Test Case '-[ThreeMDTests.ParserTests testAxisDefaultsToLayer]' passed (0.000 seconds).
Test Case '-[ThreeMDTests.ParserTests testAxisRawValueNormalized]' started.
Test Case '-[ThreeMDTests.ParserTests testAxisRawValueNormalized]' passed (0.000 seconds).
Test Case '-[ThreeMDTests.ParserTests testDecimalZValue]' started.
Test Case '-[ThreeMDTests.ParserTests testDecimalZValue]' passed (0.000 seconds).
Test Case '-[ThreeMDTests.ParserTests testDuplicatePositionThrows]' started.
Test Case '-[ThreeMDTests.ParserTests testDuplicatePositionThrows]' passed (0.000 seconds).
Test Case '-[ThreeMDTests.ParserTests testEmptyDocumentProducesNoPlanes]' started.
Test Case '-[ThreeMDTests.ParserTests testEmptyDocumentProducesNoPlanes]' passed (0.000 seconds).
Test Case '-[ThreeMDTests.ParserTests testFrontmatterIgnoresCommentLines]' started.
Test Case '-[ThreeMDTests.ParserTests testFrontmatterIgnoresCommentLines]' passed (0.000 seconds).
Test Case '-[ThreeMDTests.ParserTests testFrontmatterStripsQuotedValues]' started.
Test Case '-[ThreeMDTests.ParserTests testFrontmatterStripsQuotedValues]' passed (0.000 seconds).
Test Case '-[ThreeMDTests.ParserTests testInvalidDirectiveTokenThrows]' started.
Test Case '-[ThreeMDTests.ParserTests testInvalidDirectiveTokenThrows]' passed (0.000 seconds).
Test Case '-[ThreeMDTests.ParserTests testKnownAxesMatchSpec]' started.
Test Case '-[ThreeMDTests.ParserTests testKnownAxesMatchSpec]' passed (0.000 seconds).
Test Case '-[ThreeMDTests.ParserTests testLeadingBlankLinesBeforeFrontmatter]' started.
Test Case '-[ThreeMDTests.ParserTests testLeadingBlankLinesBeforeFrontmatter]' passed (0.000 seconds).
Test Case '-[ThreeMDTests.ParserTests testMissingFrontmatterThrows]' started.
Test Case '-[ThreeMDTests.ParserTests testMissingFrontmatterThrows]' passed (0.000 seconds).
Test Case '-[ThreeMDTests.ParserTests testMissingPlanePositionThrows]' started.
Test Case '-[ThreeMDTests.ParserTests testMissingPlanePositionThrows]' passed (0.000 seconds).
Test Case '-[ThreeMDTests.ParserTests testMissingVersionThrows]' started.
Test Case '-[ThreeMDTests.ParserTests testMissingVersionThrows]' passed (0.000 seconds).
Test Case '-[ThreeMDTests.ParserTests testNegativeZValue]' started.
Test Case '-[ThreeMDTests.ParserTests testNegativeZValue]' passed (0.000 seconds).
Test Case '-[ThreeMDTests.ParserTests testNonNumericPositionThrows]' started.
Test Case '-[ThreeMDTests.ParserTests testNonNumericPositionThrows]' passed (0.000 seconds).
Test Case '-[ThreeMDTests.ParserTests testNonNumericXThrows]' started.
Test Case '-[ThreeMDTests.ParserTests testNonNumericXThrows]' passed (0.000 seconds).
Test Case '-[ThreeMDTests.ParserTests testNonNumericYThrows]' started.
Test Case '-[ThreeMDTests.ParserTests testNonNumericYThrows]' passed (0.000 seconds).
Test Case '-[ThreeMDTests.ParserTests testParseErrorDescriptions]' started.
Test Case '-[ThreeMDTests.ParserTests testParseErrorDescriptions]' passed (0.000 seconds).
Test Case '-[ThreeMDTests.ParserTests testParsesFrontmatter]' started.
Test Case '-[ThreeMDTests.ParserTests testParsesFrontmatter]' passed (0.000 seconds).
Test Case '-[ThreeMDTests.ParserTests testParsesMultiplePlanes]' started.
Test Case '-[ThreeMDTests.ParserTests testParsesMultiplePlanes]' passed (0.000 seconds).
Test Case '-[ThreeMDTests.ParserTests testParsesPlaneCoordinatesAndAttributes]' started.
Test Case '-[ThreeMDTests.ParserTests testParsesPlaneCoordinatesAndAttributes]' passed (0.000 seconds).
Test Case '-[ThreeMDTests.ParserTests testPlainMarkdownBecomesSinglePlane]' started.
Test Case '-[ThreeMDTests.ParserTests testPlainMarkdownBecomesSinglePlane]' passed (0.000 seconds).
Test Case '-[ThreeMDTests.ParserTests testPlaneAtZReturnsNilForMissingPosition]' started.
Test Case '-[ThreeMDTests.ParserTests testPlaneAtZReturnsNilForMissingPosition]' passed (0.000 seconds).
Test Case '-[ThreeMDTests.ParserTests testPlaneBodyTrimsLeadingAndTrailingBlanks]' started.
Test Case '-[ThreeMDTests.ParserTests testPlaneBodyTrimsLeadingAndTrailingBlanks]' passed (0.000 seconds).
Test Case '-[ThreeMDTests.ParserTests testPlanesByZAreSorted]' started.
Test Case '-[ThreeMDTests.ParserTests testPlanesByZAreSorted]' passed (0.000 seconds).
Test Case '-[ThreeMDTests.ParserTests testPreambleBeforeFirstPlane]' started.
Test Case '-[ThreeMDTests.ParserTests testPreambleBeforeFirstPlane]' passed (0.000 seconds).
Test Case '-[ThreeMDTests.ParserTests testReservedAttributeKeysNotInExtras]' started.
Test Case '-[ThreeMDTests.ParserTests testReservedAttributeKeysNotInExtras]' passed (0.000 seconds).
Test Case '-[ThreeMDTests.ParserTests testRoundTripThroughSerializer]' started.
Test Case '-[ThreeMDTests.ParserTests testRoundTripThroughSerializer]' passed (0.000 seconds).
Test Case '-[ThreeMDTests.ParserTests testRoundTripWithMetadataAndAttributes]' started.
Test Case '-[ThreeMDTests.ParserTests testRoundTripWithMetadataAndAttributes]' passed (0.000 seconds).
Test Case '-[ThreeMDTests.ParserTests testRoundTripWithPreamble]' started.
Test Case '-[ThreeMDTests.ParserTests testRoundTripWithPreamble]' passed (0.000 seconds).
Test Case '-[ThreeMDTests.ParserTests testUnclosedFrontmatterThrows]' started.
Test Case '-[ThreeMDTests.ParserTests testUnclosedFrontmatterThrows]' passed (0.000 seconds).
Test Case '-[ThreeMDTests.ParserTests testWindowsLineEndingsNormalized]' started.
Test Case '-[ThreeMDTests.ParserTests testWindowsLineEndingsNormalized]' passed (0.000 seconds).
Test Suite 'ParserTests' passed at 2026-10-06 12:26:10.864.
	 Executed 32 tests, with 0 failures (0 unexpected) in 0.005 (0.007) seconds
Test Suite '3mdPackageTests.xctest' passed at 2026-10-06 12:26:10.865.
	 Executed 283 tests, with 0 failures (0 unexpected) in 4.542 (4.565) seconds
Test Suite 'All tests' passed at 2026-10-06 12:26:10.865.
	 Executed 283 tests, with 0 failures (0 unexpected) in 4.542 (4.566) seconds
◇ Test run started.
↳ Testing Library Version: 1902
↳ Target Platform: arm64e-apple-macos14.0
✔ Test run with 0 tests in 0 suites passed after 0.001 seconds.
  ✔ Step 3 done (5.551s)
  ▶️ Running task: js
bun install v1.4.0 (34cbb9a40)

Checked 5 installs across 6 packages (no changes) [10.00ms]
$ tsc --noEmit
$ bun build ./src/index.ts --outdir ./dist --target node --format esm && tsc -p tsconfig.build.json
Bundled 6 modules in 8ms

  index.js  98.86 KB  (entry point)

bun test v1.4.0 (34cbb9a40)

 174 pass
 0 fail
 1096 expect() calls
Ran 174 tests across 9 files. [2.00s]
  ✔ Step 4 done (3.586s)
  ▶️ Running task: rust
    Finished `dev` profile [unoptimized + debuginfo] target(s) in 0.17s
    Finished `test` profile [unoptimized + debuginfo] target(s) in 0.09s
     Running unittests src/lib.rs (target/debug/deps/threemd-0836b62a46933f64)

running 0 tests

test result: ok. 0 passed; 0 failed; 0 ignored; 0 measured; 0 filtered out; finished in 0.00s

     Running tests/conformance.rs (target/debug/deps/conformance-aca792f5d9c9e9c2)

running 1 test
test conformance_vectors_pass ... ok

test result: ok. 1 passed; 0 failed; 0 ignored; 0 measured; 0 filtered out; finished in 0.00s

     Running tests/editing.rs (target/debug/deps/editing-6c2a6827f3660f16)

running 9 tests
test direct_btree_maps_reject_ambiguous_canonically_equivalent_keys ... ok
test operation_payload_and_final_document_policies_are_enforced ... ok
test all_document_operations_preserve_source_order_and_header_fields ... ok
test adopted_entries_report_the_specific_graph_error_that_adoption_wraps ... ok
test identity_adoption_is_explicit_and_scoped ... ok
test document_operation_failures_are_structured_and_do_not_mutate_input ... ok
test graph_revision_roundtrip_diagnostics_and_cancellation ... ok
test all_composition_operations_validate_the_final_graph_atomically ... ok
test graph_failures_validate_counts_identity_and_reference_existence ... ok

test result: ok. 9 passed; 0 failed; 0 ignored; 0 measured; 0 filtered out; finished in 0.01s

     Running tests/extensions.rs (target/debug/deps/extensions-7a2a34e5b228aba4)

running 13 tests
test binary_header_fields_and_corruption_are_rejected ... ok
test bounded_diagnostics_preserve_real_parser_lines_and_legacy_ids ... ok
test canonical_decimal_ties_use_nearest_even_shortest_spelling ... ok
test storage_resource_policies_and_faithful_value_validation ... ok
test exact_utf8_revision_reopen_and_forged_snapshot_validation ... ok
test graph_validates_unused_entries_cycles_and_resource_limits ... ok
test original_extension_artifacts_and_lzfse_unavailability ... ok
test swift_unicode_key_order_and_source_collision_semantics_match ... ok
test composition_json_is_strict_and_rejects_decoded_duplicate_keys ... ok
test cancellation_propagates_without_publishing_values ... ok
test swift_numeric_vectors_match_exact_storage_spelling ... ok
test swift_document_and_composition_goldens_are_byte_identical ... ok
test swift_adoption_transactions_and_failures_match_semantics ... ok

test result: ok. 13 passed; 0 failed; 0 ignored; 0 measured; 0 filtered out; finished in 0.01s

     Running tests/file_composition.rs (target/debug/deps/file_composition-baff9cc1c2c49ce4)

running 30 tests
test owner_directory_resolution_keeps_parent_dot_and_grammar_semantics ... ok
test ledger_is_strict_json_with_ascii_glyph_validation_before_duplicate_checks ... ok
test outer_recognition_preserves_child_byte_and_line_policy_precedence_over_planes ... ok
test missing_files_and_file_cycles_include_ledgers_in_unused_bundle_entries ... ok
test disconnected_embedded_ledgers_use_actual_entry_depth_and_repeated_cached_files ... ok
test lowered_policy_charges_original_path_bytes_before_grammar_and_rejects_invalid_limits_first ... ok
test ledger_escapes_decode_before_path_grammar ... ok
test final_depth_checks_include_cached_dependencies_and_cancelled_operations_are_atomic ... ok
test nested_relative_paths_keep_duplicate_basenames_and_use_scalar_order ... ok
test existing_edges_precede_ledger_edges_and_embedded_ledgers_resolve_from_their_bundle_folder ... ok
test outer_profile_records_are_independent_of_child_record_policy ... ok
test project_paths_have_explicit_rules_and_bounded_standalone_work ... ok
test refusals_follow_entry_id_then_glyph_discovery_order ... ok
test over_bound_ledger_edge_is_refused_while_resolving_before_later_refusals ... ok
test unreachable_content_is_ignored_but_every_supplied_path_is_validated ... ok
test repeated_cached_files_validate_final_depth_and_missing_discovery_precedence ... ok
test supplied_and_resolved_policies_are_checked_before_returning_a_bundle ... ok
test root_and_unreachable_supplied_paths_use_the_ledger_path_grammar ... ok
test resolver_output_rebundles_with_opaque_glyph_and_source_file_attributes ... ok
test repeated_links_are_deterministic_and_preserve_the_ordinary_document ... ok
test attribute_bound_counts_normalized_directory_prefix_bytes ... ok
test self_and_alias_cycles_compare_normalized_paths ... ok
test binary_children_and_nested_bundles_preserve_unused_entries_and_reference_ids ... ok
test source_file_attribute_bound_counts_normalized_utf8_bytes ... ok
test discovery_ceiling_is_the_standard_maximum_depth ... ok
test fixed_file_discovery_ceiling_bounds_disconnected_chains ... ok
test cached_subtree_is_charged_at_its_deeper_occurrence_against_the_discovery_ceiling ... ok
test long_owner_path_with_many_references_resolves_every_reference_in_its_directory ... ok
test long_directory_owners_resolve_repeated_sources_once_and_refuse_over_bound_targets_early ... ok
test cancellation_from_another_thread_during_resolution_returns_no_result ... ok

test result: ok. 30 passed; 0 failed; 0 ignored; 0 measured; 0 filtered out; finished in 1.66s

     Running tests/interchange.rs (target/debug/deps/interchange-b8fc12d3c2bc3164)

running 5 tests
test bounded_parse_keeps_limits_and_explicit_cancellation ... ok
test source_unicode_aliases_keep_first_spelling_and_last_value_in_both_parsers ... ok
test legacy_serializer_preserves_quoted_apostrophes_and_boundary_whitespace ... ok
test raw_and_bounded_parsers_share_foundation_horizontal_whitespace ... ok
test large_unique_plane_sets_and_numeric_duplicate_equality_are_preserved ... ok

test result: ok. 5 passed; 0 failed; 0 ignored; 0 measured; 0 filtered out; finished in 0.48s

     Running unittests examples/interchange.rs (target/debug/examples/interchange-0bdd84311e529efd)

running 9 tests
test tests::hex_is_exact_and_rejects_uppercase_or_odd_input ... ok
test tests::document_adapter_edits_and_rejects_stale_patch_for_both_file_formats ... ok
test tests::malformed_protocol_keys_numbers_and_depth_precede_source_count ... ok
test tests::supplied_file_adapter_rejects_malformed_protocol_and_maps_core_errors ... ok
test tests::supplied_file_adapter_emits_reopenable_composition_outputs ... ok
test tests::composition_adapter_preserves_references_and_binary_parity ... ok
test tests::file_limits_are_strict_shapes_with_library_validated_values ... ok
test tests::oversized_requests_are_consumed_and_responses_are_atomic ... ok
test tests::supplied_file_count_precedes_source_shape_validation_but_not_top_level_validation ... ok

test result: ok. 9 passed; 0 failed; 0 ignored; 0 measured; 0 filtered out; finished in 0.10s

    Finished `test` profile [unoptimized + debuginfo] target(s) in 0.01s
   Doc-tests threemd

running 3 tests
test src/lib.rs - axis (line 62) ... ok
test src/lib.rs - ParseError::code (line 173) ... ok
test src/lib.rs - (line 12) ... ok

test result: ok. 3 passed; 0 failed; 0 ignored; 0 measured; 0 filtered out; finished in 0.86s

    Finished `dev` profile [unoptimized + debuginfo] target(s) in 0.02s
  ✔ Step 5 done (4.253s)
  ▶️ Running task: interchange
[0/1] Planning build
Building for debugging...
[0/3] Write swift-version--58304C5D6DBC2206.txt
Build of product 'threemd-interchange' complete! (0.19s)
{"cases":568,"compression":"none; optional Apple LZFSE excluded","imports":17991,"pairCounts":{"Rust -> Rust":1999,"Rust -> Swift":1999,"Rust -> TypeScript-Node":1999,"Swift -> Rust":1999,"Swift -> Swift":1999,"Swift -> TypeScript-Node":1999,"TypeScript-Node -> Rust":1999,"TypeScript-Node -> Swift":1999,"TypeScript-Node -> TypeScript-Node":1999},"passed":true,"producerConsumerPairs":9,"schema":"3md-interchange-receipt-1"}
Interchange evidence: /var/folders/5k/616qy7sj28l0d53k4c6w_4x00000gn/T/3md-interchange-E60DD4ED-FD49-460D-8908-36D881B2F067
  ✔ Step 6 done (50.966s)
  ▶️ Running task: element-bundle
Bundled 7 modules in 8ms

  three-md.js  48.82 KB  (entry point)

element bundle is current
  ✔ Step 7 done (37ms)
  ▶️ Running task: editor
bun install v1.4.0 (34cbb9a40)

+ @vscode/vsce@2.32.0
+ vscode-tmgrammar-test@0.1.3

183 packages installed [964.00ms]
$ vscode-tmgrammar-test -g syntaxes/3md.tmLanguage.json -g syntaxes/3md-links.injection.json -g tests/grammars/markdown.tmLanguage.json "tests/*.3md"
grammar not found for "source.yaml"
grammar not found for "text.html.derivative"
grammar not found for "source.css"
grammar not found for "text.html.basic"
grammar not found for "source.ini"
grammar not found for "source.java"
grammar not found for "source.lua"
grammar not found for "source.makefile"
grammar not found for "source.perl"
grammar not found for "source.r"
grammar not found for "source.ruby"
grammar not found for "source.php"
grammar not found for "source.sql"
grammar not found for "source.asp.vb.net"
grammar not found for "text.xml"
grammar not found for "text.xml.xsl"
grammar not found for "source.batchfile"
grammar not found for "source.clojure"
grammar not found for "source.coffee"
grammar not found for "source.c"
grammar not found for "source.cpp"
grammar not found for "source.diff"
grammar not found for "source.dockerfile"
grammar not found for "text.git-commit"
grammar not found for "text.git-rebase"
grammar not found for "source.go"
grammar not found for "source.groovy"
grammar not found for "text.pug"
grammar not found for "source.ignore"
grammar not found for "source.js"
grammar not found for "source.js.regexp"
grammar not found for "source.json"
grammar not found for "source.json.comments"
grammar not found for "source.json.lines"
grammar not found for "source.css.less"
grammar not found for "source.objc"
grammar not found for "source.swift"
grammar not found for "source.css.scss"
grammar not found for "source.perl.6"
grammar not found for "source.powershell"
grammar not found for "source.python"
grammar not found for "source.julia"
grammar not found for "source.regexp.python"
grammar not found for "source.rust"
grammar not found for "source.scala"
grammar not found for "source.shell"
grammar not found for "source.ts"
grammar not found for "source.tsx"
grammar not found for "source.cs"
grammar not found for "source.fsharp"
grammar not found for "source.dart"
grammar not found for "text.html.handlebars"
grammar not found for "text.log"
grammar not found for "source.erlang"
grammar not found for "source.elixir"
grammar not found for "text.tex.latex"
grammar not found for "text.bibtex"
grammar not found for "source.twig"
grammar not found for "source.yang"
grammar not found for "source.abap"
grammar not found for "source.rst"
✓ tests/cross-plane-link.3md run successfuly.
✓ tests/frontmatter.3md run successfuly.
✓ tests/markdown-body.3md run successfuly.
✓ tests/plane-directive.3md run successfuly.
  ✔ Step 8 done (1.384s)
✅ Lane verify completed (8 steps in 1m 6.934s)
⊘ Skipped 3 unchanged spec(s) (use --force/--no-cache to re-validate all)
  ℹ Cache: /private/tmp/3md-release-20261006/.specsync/hashes.json

All specs unchanged — nothing to validate.
File coverage: 48/48 (100%)
LOC coverage:  14815/14815 (100%)
augur: config: loaded ./.augur.toml
augur gate · review (risk 35)
From github.com:CorvidLabs/3md
 * [new ref]         refs/notes/attest -> refs/notes/attest
trust range: ca2d1e34f20be3c5100d0fd1474a8ee9cc78d2d4..HEAD
== lifecycle ==
== contract ==
== risk ==
== provenance ==
provenance degraded: policy is not satisfied
== atlas: off (Atlas publication was not enabled during adoption) ==
trust gate passed (progressive provenance)
exit=0

specs/ThreeMD/ThreeMD.spec.md
  ✓ Frontmatter valid
  ✓ All source files exist
  ✓ All required sections present
  ✓ 293/293 exports documented
  ✓ All dependency specs exist

specs/ThreeMDCLI/ThreeMDCLI.spec.md
  ✓ Frontmatter valid
  ✓ All source files exist
  ⊘ Section validation skipped (status: draft)
  ⊘ Export validation skipped (status: draft)
  ✓ All dependency specs exist

specs/ThreeMDElement/ThreeMDElement.spec.md
  ✓ Frontmatter valid
  ✓ All source files exist
  ⊘ Section validation skipped (status: draft)
  ⊘ Export validation skipped (status: draft)
  ✓ All dependency specs exist

ℹ 2 draft spec(s) skipped section and export validation — set `status: active` to enable full checks

3 specs checked: 3 passed, 0 warning(s), 0 failed
File coverage: 48/48 (100%)
LOC coverage:  14815/14815 (100%)
specsync-exit=0
