Building for debugging...
[0/6] Write swift-version--58304C5D6DBC2206.txt
Build complete! (0.16s)
Test Suite 'Selected tests' started at 2026-10-10 11:56:33.902.
Test Suite 'RookPackageTests.xctest' started at 2026-10-10 11:56:33.904.
Test Suite 'RookPackageTests.xctest' passed at 2026-10-10 11:56:33.904.
	 Executed 0 tests, with 0 failures (0 unexpected) in 0.000 (0.000) seconds
Test Suite 'Selected tests' passed at 2026-10-10 11:56:33.904.
	 Executed 0 tests, with 0 failures (0 unexpected) in 0.000 (0.002) seconds
◇ Test run started.
↳ Testing Library Version: 1902
↳ Target Platform: arm64e-apple-macos14.0
◇ Test browserSliceFixturesMatchNativeWorkspaceToolsAndWholeStrokeHistory() started.
✔ Test browserSliceFixturesMatchNativeWorkspaceToolsAndWholeStrokeHistory() passed after 0.016 seconds.
◇ Suite CameraParityTests started.
◇ Test nativeCameraMatchesSharedBrowserProjectionCases() started.
✔ Test nativeCameraMatchesSharedBrowserProjectionCases() passed after 0.008 seconds.
◇ Test axisRotationsRemainOrthonormalAndInvalidInputsDoNotMoveCamera() started.
✔ Test axisRotationsRemainOrthonormalAndInvalidInputsDoNotMoveCamera() passed after 0.002 seconds.
◇ Test asciiPickingFollowsDocumentZRotation() started.
✔ Test asciiPickingFollowsDocumentZRotation() passed after 0.001 seconds.
◇ Test interactiveFramingPreservesDefaultExportCameraScale() started.
✔ Test interactiveFramingPreservesDefaultExportCameraScale() passed after 0.001 seconds.
◇ Test cameraInputsRemainFiniteAndPanHasTheNativeScreenScale() started.
✔ Test cameraInputsRemainFiniteAndPanHasTheNativeScreenScale() passed after 0.001 seconds.
✔ Suite CameraParityTests passed after 0.012 seconds.
◇ Suite SculptureLiveVoxelTests started.
◇ Test gpuPickingMatchesTheExistingProjectionAtOffCenterPointsAndSeveralPoses() started.
✔ Test gpuPickingMatchesTheExistingProjectionAtOffCenterPointsAndSeveralPoses() passed after 0.064 seconds.
◇ Test gpuPickingChoosesTheNearestCubeOrGhostAndPreservesTheVolumeBoundary() started.
✔ Test gpuPickingChoosesTheNearestCubeOrGhostAndPreservesTheVolumeBoundary() passed after 0.006 seconds.
◇ Test metalSnapshotRendersRealColoredGeometryAndRetainsNativeEvidence() started.
✔ Test metalSnapshotRendersRealColoredGeometryAndRetainsNativeEvidence() passed after 0.198 seconds.
◇ Test cameraResizeUsesTheSameMeshAndMatchesTheReferencePickingScale() started.
✔ Test cameraResizeUsesTheSameMeshAndMatchesTheReferencePickingScale() passed after 0.005 seconds.
◇ Test denseGhostGridKeepsEveryPickTargetAndVisibleCubesWhenGridEdgesAreHidden() started.
✔ Test denseGhostGridKeepsEveryPickTargetAndVisibleCubesWhenGridEdgesAreHidden() passed after 0.166 seconds.
✔ Suite SculptureLiveVoxelTests passed after 0.441 seconds.
✔ Test run with 11 tests in 2 suites passed after 0.470 seconds.
