[0/1] Planning build
Building for debugging...
[0/6] Write swift-version--58304C5D6DBC2206.txt
Build complete! (0.85s)
Test Suite 'Selected tests' started at 2026-10-05 14:26:05.271.
Test Suite 'RookPackageTests.xctest' started at 2026-10-05 14:26:05.272.
Test Suite 'RookPackageTests.xctest' passed at 2026-10-05 14:26:05.272.
	 Executed 0 tests, with 0 failures (0 unexpected) in 0.000 (0.000) seconds
Test Suite 'Selected tests' passed at 2026-10-05 14:26:05.272.
	 Executed 0 tests, with 0 failures (0 unexpected) in 0.000 (0.001) seconds
◇ Test run started.
↳ Testing Library Version: 1902
↳ Target Platform: arm64e-apple-macos14.0
◇ Suite SculptureWorldExplorationRenderingTests started.
◇ Test optionalActualMetalOverviewAndLandmarkExplorationEvidence() started.
✔ Test optionalActualMetalOverviewAndLandmarkExplorationEvidence() passed after 5.376 seconds.
◇ Test perspectiveAndOrbitSwitchesRestoreCameraWithoutChangingWorldOrMeshes() started.
✔ Test perspectiveAndOrbitSwitchesRestoreCameraWithoutChangingWorldOrMeshes() passed after 0.002 seconds.
◇ Test localTravelLookAndExactIntegerRebaseRetainDetailedAndCoarseBuffers() started.
✔ Test localTravelLookAndExactIntegerRebaseRetainDetailedAndCoarseBuffers() passed after 0.002 seconds.
◇ Test nativePerspectiveAndOrbitPickBothColoredCoarseAndDetailedInstances() started.
✔ Test nativePerspectiveAndOrbitPickBothColoredCoarseAndDetailedInstances() passed after 0.001 seconds.
◇ Test realNativeKeyEventsMapHorizontalAndVerticalMovementAndReleaseWithoutClockRaces() started.
✔ Test realNativeKeyEventsMapHorizontalAndVerticalMovementAndReleaseWithoutClockRaces() passed after 0.070 seconds.
◇ Test nativeHeldKeysStopOnResponderLossWindowKeyLossCloseModeChangeAndDismantling() started.
✔ Test nativeHeldKeysStopOnResponderLossWindowKeyLossCloseModeChangeAndDismantling() passed after 0.027 seconds.
◇ Test nativeExploreDragChangesLookAndClickStillSelectsWithoutMutatingSource() started.
✔ Test nativeExploreDragChangesLookAndClickStillSelectsWithoutMutatingSource() passed after 0.033 seconds.
✔ Suite SculptureWorldExplorationRenderingTests passed after 5.514 seconds.
✔ Test run with 7 tests in 1 suite passed after 5.514 seconds.
